Archive member included to satisfy reference by file (symbol)

../../Compiler/COMMON/SGL_302j/LIB_ELF/SEGA_SYS.A(sys_exit.o)
                              ../../jo_engine/core.o (SYS_Exit)
../../Compiler/COMMON/SGL_302j/LIB_ELF/SEGA_SYS.A(sys_sub.o)
                              ../../Compiler/COMMON/SGL_302j/LIB_ELF/SEGA_SYS.A(sys_exit.o) (SYSUB_SetStackptr)
../../Compiler/COMMON/SGL_302j/LIB_ELF/LIBCD.A(CDC_CMN.O)
                              ../../Compiler/COMMON/SGL_302j/LIB_ELF/SEGA_SYS.A(sys_exit.o) (CDC_GetCurStat)
../../Compiler/COMMON/SGL_302j/LIB_ELF/LIBCD.A(CDC_CFS.O)
                              ../../Compiler/COMMON/SGL_302j/LIB_ELF/SEGA_SYS.A(sys_exit.o) (CDC_ChgDir)
../../Compiler/COMMON/SGL_302j/LIB_ELF/LIBCD.A(CDC_REG.O)
                              ../../Compiler/COMMON/SGL_302j/LIB_ELF/SEGA_SYS.A(sys_exit.o) (CDC_GetHirqReq)
../../Compiler/COMMON/SGL_302j/LIB_ELF/LIBCD.A(CDC_SUB.O)
                              ../../Compiler/COMMON/SGL_302j/LIB_ELF/LIBCD.A(CDC_CMN.O) (CDSUB_UpdStatus)
../../Compiler/COMMON/SGL_302j/LIB_ELF/LIBCD.A(GFS.O)
                              ../../jo_engine/fs.o (GFS_Init)
../../Compiler/COMMON/SGL_302j/LIB_ELF/LIBCD.A(GFS_BUF.O)
                              ../../Compiler/COMMON/SGL_302j/LIB_ELF/LIBCD.A(GFS.O) (GFBF_GetNumData)
../../Compiler/COMMON/SGL_302j/LIB_ELF/LIBCD.A(GFS_CDB.O)
                              ../../Compiler/COMMON/SGL_302j/LIB_ELF/LIBCD.A(GFS.O) (GFCB_Close)
../../Compiler/COMMON/SGL_302j/LIB_ELF/LIBCD.A(GFS_CDC.O)
                              ../../Compiler/COMMON/SGL_302j/LIB_ELF/LIBCD.A(GFS.O) (GFCD_SetCdbfs)
../../Compiler/COMMON/SGL_302j/LIB_ELF/LIBCD.A(GFS_CDF.O)
                              ../../Compiler/COMMON/SGL_302j/LIB_ELF/LIBCD.A(GFS.O) (GFCF_Init)
../../Compiler/COMMON/SGL_302j/LIB_ELF/LIBCD.A(GFS_DIR.O)
                              ../../Compiler/COMMON/SGL_302j/LIB_ELF/LIBCD.A(GFS.O) (GFDR_SetupDirTbl)
../../Compiler/COMMON/SGL_302j/LIB_ELF/LIBCD.A(GFS_TRN.O)
                              ../../Compiler/COMMON/SGL_302j/LIB_ELF/LIBCD.A(GFS.O) (GFTR_Setup)
../../Compiler/COMMON/SGL_302j/LIB_ELF/LIBCD.A(CDC_DRV.O)
                              ../../Compiler/COMMON/SGL_302j/LIB_ELF/LIBCD.A(GFS_CDC.O) (CDC_CdPlay)
../../Compiler/COMMON/SGL_302j/LIB_ELF/LIBCD.A(CDC_DEV.O)
                              ../../Compiler/COMMON/SGL_302j/LIB_ELF/LIBCD.A(GFS_CDC.O) (CDC_CdSetCon)
../../Compiler/COMMON/SGL_302j/LIB_ELF/LIBCD.A(CDC_SEL.O)
                              ../../Compiler/COMMON/SGL_302j/LIB_ELF/LIBCD.A(GFS_CDC.O) (CDC_SetFiltRange)
../../Compiler/COMMON/SGL_302j/LIB_ELF/LIBCD.A(CDC_BIF.O)
                              ../../Compiler/COMMON/SGL_302j/LIB_ELF/LIBCD.A(GFS_CDC.O) (CDC_GetBufSiz)
../../Compiler/COMMON/SGL_302j/LIB_ELF/LIBCD.A(CDC_BIO.O)
                              ../../Compiler/COMMON/SGL_302j/LIB_ELF/LIBCD.A(GFS_CDC.O) (CDC_SetSctLen)
../../Compiler/COMMON/SGL_302j/LIB_ELF/LIBSGL.A(sglA16.o)
                              display.o (slLookAt)
../../Compiler/COMMON/SGL_302j/LIB_ELF/LIBSGL.A(sglA17.o)
                              display.o (slRotZ)
../../Compiler/COMMON/SGL_302j/LIB_ELF/LIBSGL.A(sglA18.o)
                              display.o (slRotY)
../../Compiler/COMMON/SGL_302j/LIB_ELF/LIBSGL.A(sglA19.o)
                              display.o (slRotX)
../../Compiler/COMMON/SGL_302j/LIB_ELF/LIBSGL.A(sglA20.o)
                              ../../jo_engine/core.o (slUnitMatrix)
../../Compiler/COMMON/SGL_302j/LIB_ELF/LIBSGL.A(sglA21.o)
                              display.o (slPushMatrix)
../../Compiler/COMMON/SGL_302j/LIB_ELF/LIBSGL.A(sglA27.o)
                              display.o (slTranslate)
../../Compiler/COMMON/SGL_302j/LIB_ELF/LIBSGL.A(sglB001.o)
                              display.o (slTVOn)
../../Compiler/COMMON/SGL_302j/LIB_ELF/LIBSGL.A(sglB011.o)
                              ../../jo_engine/vdp2.o (slBitMapNbg1)
../../Compiler/COMMON/SGL_302j/LIB_ELF/LIBSGL.A(sglB014.o)
                              ../../jo_engine/vdp2.o (slScrTransparent)
../../Compiler/COMMON/SGL_302j/LIB_ELF/LIBSGL.A(sglB015.o)
                              ../../jo_engine/vdp2.o (slScrAutoDisp)
../../Compiler/COMMON/SGL_302j/LIB_ELF/LIBSGL.A(sglB016.o)
                              ../../jo_engine/vdp2.o (slBack1ColSet)
../../Compiler/COMMON/SGL_302j/LIB_ELF/LIBSGL.A(sglB020.o)
                              ../../jo_engine/vdp2.o (slColorCalc)
../../Compiler/COMMON/SGL_302j/LIB_ELF/LIBSGL.A(sglB021.o)
                              ../../jo_engine/vdp2.o (slColorCalcOn)
../../Compiler/COMMON/SGL_302j/LIB_ELF/LIBSGL.A(sglB023.o)
                              ../../jo_engine/vdp2.o (slColRate)
../../Compiler/COMMON/SGL_302j/LIB_ELF/LIBSGL.A(sglB031.o)
                              ../../jo_engine/vdp2.o (slMapNbg0)
../../Compiler/COMMON/SGL_302j/LIB_ELF/LIBSGL.A(sglB032.o)
                              ../../jo_engine/vdp2.o (slMapNbg1)
../../Compiler/COMMON/SGL_302j/LIB_ELF/LIBSGL.A(sglB033.o)
[...]
Memory Configuration

Name             Origin             Length             Attributes
*default*        0x00000000         0xffffffff

Linker script and memory map


SLSTART         0x06004000       0x30
                0x06004000                ___Start = .
 *(SLSTART)
 SLSTART        0x06004000       0x28 ../../Compiler/COMMON/SGL_302j/LIB_ELF/LIBSGL.A(sglI00.o)
                0x06004000                SGL_Start
                0x06004002                slStartSGL

.text           0x06004040    0x16fb0
 *(.text)
 .text          0x06004040        0x0 ../../Compiler/COMMON/SGL_302j/LIB_ELF/SGLAREA.O
 .text          0x06004040      0x114 main.o
                0x06004040                update
                0x060040e8                jo_main
 .text          0x06004154       0x68 vars.o
 .text          0x060041bc     0x4a58 display.o
                0x0600435c                global_SetHeroAnimation
                0x06004414                global_printText
                0x0600450c                display_drawHeroAnimation
                0x060063a4                drawDeathAnimation
                0x06007f98                display_drawGameplay
                0x06008100                drawPaused
                0x06008184                drawMainMenu
                0x06008230                drawAnimtest
                0x060082b8                display_initGameplayCamera
                0x060082ec                initGameplayPalette
                0x060089ec                global_initMainMenu
                0x06008a70                display_initGraphics
                0x06008bcc                draw
 .text          0x06008c14      0x45c input.o
                0x06008c7c                handleGameplayInput
                0x06008e1c                handlePausedInput
                0x06008e3c                handleMainMenuInput
                0x06008ef0                handleAnimtestInput
                0x0600901c                input_handleInput
 .text          0x06009070      0x650 hero.o
                0x06009110                global_initHero
                0x06009190                hero_handleStateUpdate
                0x060091ac                hero_updateHero
 .text          0x060096c0      0x144 collision.o
                0x06009728                collisions_detectCollisionX
                0x0600975c                collisions_detectCollisionY
                0x06009790                global_initDynamicHitboxes
 .text          0x06009804      0x23c levels.o
                0x0600986c                levels_initLevel
                0x060098e8                levels_initActiveEnemies
                0x0600991c                global_spawnEnemy
                0x060099c4                global_destroyEnemy
                0x060099f4                global_updateEnemies
 .text          0x06009a40      0x1e0 enemy_zombie.o
                0x06009aa8                drawZombie
                0x06009afc                updateZombie
 .text          0x06009c20      0xaf0 ../../jo_engine/tga.o
                0x06009e9c                jo_set_tga_default_palette
                0x06009ea8                jo_set_tga_palette_handling
                0x06009eb4                __jo_tga_load
                0x06009fd4                __jo_tga_any_loader_from_stream
                0x0600a01c                jo_tga_8bits_loader_from_stream
                0x0600a034                jo_tga_loader_from_stream
                0x0600a04c                __jo_tga_any_loader
                0x0600a09c                jo_tga_8bits_loader
                0x0600a0b8                jo_tga_loader
                0x0600a0d4                jo_tga_8bits_tileset_loader
                0x0600a310                jo_sprite_add_tga_tileset
                0x0600a568                jo_sprite_add_tga_from_stream
                0x0600a620                jo_sprite_add_tga
 .text          0x0600a710      0x950 ../../jo_engine/3d.o
                0x0600a778                jo_3d_init
                0x0600a7a0                jo_3d_create_triangle
                0x0600a7dc                jo_3d_create_plane
                0x0600a81c                jo_3d_create_mesh_from_vertices_and_normals
                0x0600a930                jo_3d_free_mesh
                0x0600a984                jo_3d_create_cube
                0x0600a9e0                jo_3d_set_mesh_polygon_transparency
                0x0600aa54                jo_3d_set_mesh_transparency
                0x0600aac0                jo_3d_set_mesh_polygon_screen_doors
                0x0600ab38                jo_3d_set_mesh_screen_doors
                0x0600aba4                jo_3d_set_mesh_polygon_light
                0x0600ac14                jo_3d_set_mesh_light
                0x0600ac80                jo_3d_set_mesh_polygon_texture
                0x0600ad4c                jo_3d_set_mesh_texture
                0x0600adb8                jo_3d_set_mesh_polygon_wireframe
                0x0600ae0c                jo_3d_set_mesh_polygon_color_ex
                0x0600aec8                jo_3d_set_mesh_color
                0x0600af38                jo_3d_free_sprite_quad
                0x0600af64                jo_3d_create_sprite_quad
 .text          0x0600b060      0x960 ../../jo_engine/fs.o
                0x0600b0c8                jo_fs_init
                0x0600b178                jo_fs_do_background_jobs
                0x0600b234                jo_fs_read_file_async_ptr
                0x0600b3d8                jo_fs_cd
                0x0600b448                jo_fs_read_file_ptr
                0x0600b5e4                jo_fs_read_file_in_dir
                0x0600b630                jo_fs_open
                0x0600b72c                jo_fs_seek_forward
                0x0600b83c                jo_fs_read_next_bytes
                0x0600b934                jo_fs_close
                0x0600b980                jo_fs_set_read_sector_count
 .text          0x0600b9c0      0x574 ../../jo_engine/font.o
                0x0600ba28                jo_font_load
                0x0600bcb8                jo_font_print
                0x0600bddc                jo_font_print_centered
 .text          0x0600bf34      0x164 ../../jo_engine/input.o
                0x0600bf9c                jo_get_inputs_vblank
                0x0600bfe4                jo_get_input_type
                0x0600c02c                jo_get_input_count
                0x0600c050                jo_get_input_axis
 .text          0x0600c098        0x0 ../../jo_engine/physics.o
 .text          0x0600c098      0x728 ../../jo_engine/core.o
                0x0600c174                __jo_core_set_screens_order
                0x0600c2ac                jo_core_init
                0x0600c488                jo_core_add_vblank_callback
                0x0600c504                jo_core_remove_vblank_callback
                0x0600c55c                jo_core_add_callback
                0x0600c5a4                jo_core_remove_callback
                0x0600c5dc                jo_goto_boot_menu
                0x0600c5e8                __jo_core_error
                0x0600c638                jo_core_suspend
                0x0600c678                jo_core_set_restart_game_callback
                0x0600c684                jo_core_run
                0x0600c718                jo_dump_vdp1_registers
                0x0600c76c                jo_dump_vdp2_registers
 .text          0x0600c7c0      0xcb8 ../../jo_engine/math.o
                0x0600c828                jo_fixed_mult
                0x0600c83c                jo_fixed_dot
                0x0600c854                jo_fixed_pow
                0x0600c88c                jo_fixed_div
                0x0600c8b4                jo_fixed_sin
                0x0600c9b8                jo_fixed_cos
                0x0600cb30                jo_gcd
                0x0600cb98                jo_atan2f_rad
                0x0600cd5c                jo_planar_rotate
                0x0600ceb8                jo_random
                0x0600cf28                jo_vector_fixed_compute_bezier_point
                0x0600d0b8                jo_vectorf_compute_bezier_point
                0x0600d208                jo_fixed_sqrt
                0x0600d2b8                jo_sqrt
                0x0600d2f8                jo_fixed_rsqrt
                0x0600d408                jo_rsqrt
 .text          0x0600d478      0x4b4 ../../jo_engine/malloc.o
                0x0600d4e0                jo_add_memory_zone
                0x0600d550                jo_malloc_with_behaviour
                0x0600d69c                jo_reduce_memory_fragmentation
                0x0600d710                jo_free
                0x0600d78c                jo_memory_usage_percent
                0x0600d890                jo_memory_fragmentation
 .text          0x0600d92c      0x3ec ../../jo_engine/tools.o
                0x0600d994                jo_getdate
                0x0600da30                jo_get_current_language
                0x0600da54                jo_tools_atoi
                0x0600dad4                jo_strlen
                0x0600db24                jo_endwith
                0x0600dbd0                jo_strcmp
                0x0600dc00                jo_memset
                0x0600dca4                jo_map_to_vram
 .text          0x0600dd18      0x134 ../../jo_engine/palette.o
                0x0600dd80                jo_create_palette
                0x0600ddd4                jo_set_palette_register
                0x0600de38                jo_get_palette_register
 .text          0x0600de4c      0xa34 ../../jo_engine/sprites.o
                0x0600dfe8                jo_sprite_usage_percent
                0x0600e074                jo_get_last_sprite_id
                0x0600e080                jo_sprite_init
                0x0600e104                jo_sprite_name2id
                0x0600e17c                jo_sprite_replace
                0x0600e29c                jo_sprite_add
                0x0600e2e8                jo_sprite_add_8bits_image
                0x0600e334                jo_sprite_free_from
                0x0600e3dc                jo_set_gouraud_shading_colors
                0x0600e404                jo_set_gouraud_shading_brightness
                0x0600e444                jo_sprite_draw_4p_fixed
                0x0600e560                jo_sprite_draw
                0x0600e6ac                jo_sprite_draw_rotate
                0x0600e84c                jo_sprite_set_clipping_area
 .text          0x0600e880      0xb38 ../../jo_engine/map.o
                0x0600e9b0                jo_map_per_pixel_vertical_collision
                0x0600eb44                jo_map_hitbox_detection_custom_boundaries
                0x0600ebb4                jo_map_create
                0x0600ec30                jo_map_add_tile
                0x0600ec54                jo_map_add_animated_tile
                0x0600ec78                jo_map_draw_background
                0x0600ed10                jo_map_3d_draw
                0x0600ee4c                jo_map_draw
                0x0600ef48                jo_map_free
                0x0600ef60                jo_map_load_from_file
                0x0600f338                jo_map_move_tiles_by_attribute
 .text          0x0600f3b8      0x200 ../../jo_engine/list.o
                0x0600f420                jo_list_init
                0x0600f430                jo_list_add
                0x0600f4a8                jo_list_insert_at
                0x0600f558                jo_list_remove
 .text          0x0600f5b8      0x2bc ../../jo_engine/sprite_animator.o
                0x0600f6cc                jo_replace_sprite_anim
                0x0600f780                jo_create_sprite_anim
                0x0600f84c                jo_clear_all_sprite_anim
 .text          0x0600f874      0x7b0 ../../jo_engine/image.o
                0x0600f8dc                __jo_bin_load
                0x0600f92c                jo_free_img
                0x0600f974                jo_bin_loader_from_stream
                0x0600fa44                jo_bin_loader
                0x0600fac8                jo_replace_color
                0x0600fb34                jo_sprite_add_bin_tileset
                0x0600fd2c                jo_sprite_add_bin
                0x0600fdf8                jo_sprite_add_bin_from_stream
                0x0600fe90                jo_sprite_add_image_pack
 .text          0x06010024     0x125c ../../jo_engine/vdp2.o
                0x06010108                jo_set_default_background_color
                0x06010148                __jo_init_vdp2
                0x060101a4                jo_img_to_vdp2_cells
                0x060102c8                jo_vdp2_replace_rbg0_plane_a_8bits_image
                0x060102dc                jo_vdp2_replace_rbg0_plane_b_8bits_image
                0x060102f0                jo_vdp2_set_rbg0_plane_a_8bits_image
                0x060103b8                jo_vdp2_set_rbg0_plane_b_8bits_image
                0x06010480                jo_vdp2_enable_rbg0
                0x06010554                jo_vdp2_disable_rbg0
                0x0601056c                jo_vdp2_set_nbg0_8bits_image
                0x06010678                jo_vdp2_disable_nbg0_line_scroll
                0x0601069c                jo_vdp2_compute_nbg0_line_scroll
                0x060106b4                jo_vdp2_enable_nbg0_line_scroll
                0x06010724                jo_vdp2_draw_bitmap_nbg1_line
                0x060107f8                jo_vdp2_clear_bitmap_nbg1
                0x06010868                jo_vdp2_set_nbg1_8bits_image
                0x06010958                jo_vdp2_set_nbg1_image
                0x06010adc                jo_vdp2_disable_nbg1_line_scroll
                0x06010b00                jo_vdp2_compute_nbg1_line_scroll
                0x06010b18                jo_vdp2_enable_nbg1_line_scroll
                0x06010b88                jo_nbg2_clear
                0x06010be4                __jo_set_nbg2_8bits_image
                0x06010c88                jo_nbg2_print
                0x06010d40                jo_vdp2_set_nbg2_8bits_font
                0x06010de4                jo_vdp2_set_nbg2_8bits_image
                0x06010e50                jo_nbg3_clear
                0x06010eac                __jo_set_nbg3_8bits_image
                0x06010f50                jo_nbg3_print
                0x06011008                jo_vdp2_set_nbg3_8bits_font
                0x060110ac                jo_vdp2_set_nbg3_8bits_image
                0x06011118                jo_set_displayed_screens
                0x06011128                jo_disable_all_screens_transparency
                0x0601114c                jo_enable_screen_transparency
 .text          0x06011280      0x280 ../../jo_engine/time.o
                0x060112e8                jo_time_init
                0x06011314                jo_get_ticks
                0x060113f4                jo_fixed_point_time
 .text          0x06011500       0x68 ../../jo_engine/vdp1_command_pipeline.o
 .text          0x06011568      0x334 ../../jo_engine/vdp2_malloc.o
                0x060115d0                jo_vdp2_malloc_init
                0x06011608                jo_vdp2_free
                0x060116c8                jo_vdp2_malloc
 *fill*         0x0601189c        0x4 
 .text          0x060118a0      0x238 ../../Compiler/COMMON/SGL_302j/LIB_ELF/SEGA_SYS.A(sys_exit.o)
                0x060118a0                sys_version
                0x060118c0                SYS_Exit
 *fill*         0x06011ad8        0x8 
 .text          0x06011ae0        0x6 ../../Compiler/COMMON/SGL_302j/LIB_ELF/SEGA_SYS.A(sys_sub.o)
                0x06011ae0                SYSUB_SetStackptr
 *fill*         0x06011ae6        0xa 
 .text          0x06011af0      0x3a0 ../../Compiler/COMMON/SGL_302j/LIB_ELF/LIBCD.A(CDC_CMN.O)
                0x06011af0                CDC_GetCurStat
                0x06011b40                CDC_GetLastStat
                0x06011b58                CDC_GetPeriStat
                0x06011c2c                CDC_GetHwInfo
                0x06011c94                CDC_TgetToc
                0x06011ce4                CDC_GetSes
                0x06011d20                CDC_CdInit
                0x06011da4                CDC_CdOpen
                0x06011dcc                CDC_DataReady
                0x06011e38                CDC_DataEnd
 .text          0x06011e90      0x194 ../../Compiler/COMMON/SGL_302j/LIB_ELF/LIBCD.A(CDC_CFS.O)
                0x06011e90                CDC_ChgDir
                0x06011ec4                CDC_ReadDir
                0x06011ef8                CDC_GetFileScope
                0x06011f58                CDC_TgetFileInfo
                0x06011fb4                CDC_ReadFile
                0x06011fe8                CDC_AbortFile
 *fill*         0x06012024        0xc 
 .text          0x06012030      0x2dc ../../Compiler/COMMON/SGL_302j/LIB_ELF/LIBCD.A(CDC_REG.O)
                0x06012030                CDC_GetDataPtr
                0x06012040                CDC_GetHirqReq
                0x06012054                CDC_ClrHirqReq
                0x06012084                CDREG_ClrHirqReq
                0x06012094                CDREG_InitHirqReq
                0x060120bc                CDREG_SetHirqFlag
                0x060120d0                CDC_GetHirqMsk
                0x060120e4                CDC_SetHirqMsk
                0x060120f4                CDC_GetMpegPtr
                0x06012104                CDREG_TgetData
                0x06012160                CDREG_CmdRsp
                0x06012260                CDREG_WaitHirq
                0x060122d0                CDREG_ReadRsp
 *fill*         0x0601230c        0x4 
 .text          0x06012310      0x152 ../../Compiler/COMMON/SGL_302j/LIB_ELF/LIBCD.A(CDC_SUB.O)
                0x06012310                CDSUB_UpdStatus
                0x06012328                CDSUB_UpdCdstat
                0x06012348                CDSUB_CdCmd
                0x060123b8                CDSUB_GetCdstat
                0x060123f8                CDSUB_RspToCdstat
                0x06012440                CDSUB_SoftTimer
 *fill*         0x06012462        0xe 
 .text          0x06012470     0x1adc ../../Compiler/COMMON/SGL_302j/LIB_ELF/LIBCD.A(GFS.O)
                0x06012470                gfs_version
                0x06012490                GFS_Init
                0x06012578                GFS_LoadDir
                0x06012620                GFS_SetDir
                0x06012688                GFS_NameToId
                0x060126ec                GFS_IdToName
                0x06012758                GFS_GetDirInfo
                0x060127c8                GFS_Reset
                0x0601284c                GFS_Open
                0x06012900                GFS_Close
                0x06012938                GFS_Seek
                0x060129ec                GFS_Tell
                0x06012a3c                GFS_IsEof
                0x06012a90                GFS_ByteToSct
                0x06012aec                GFS_GetFileSize
                0x06012b48                GFS_GetFileInfo
                0x06012bbc                GFS_GetNumCdbuf
                0x06012be4                GFS_Load
                0x06012ca8                GFS_Fread
                0x06012d44                gfs_waitRead
                0x06012dec                GFS_NwFread
                0x06012ef8                GFS_NwCdRead
                0x06012f70                GFS_NwIsComplete
                0x06012fa8                GFS_NwStop
                0x06013014                GFS_NwGetStat
                0x06013090                gfs_recovRdErr
                0x060130c0                GFS_NwExecOne
                0x06013180                GFS_NwExecServer
                0x060131fc                GFS_SetGmode
                0x06013260                GFS_SetTmode
                0x060132cc                GFS_SetReadPara
                0x06013330                GFS_SetTransPara
                0x0601339c                GFS_SetTrFunc
                0x06013400                GFS_StartTrans
                0x0601344c                GFS_CdMovePickup
                0x060134b8                GFS_SetErrFunc
                0x060134e4                GFS_GetErrStat
                0x06013508                GFS_ConvTno
                0x06013530                gfs_chgRoot
                0x060135fc                gfs_aborttrans
                0x06013608                gfs_mngSetupFuncTbl
                0x0601363c                gfs_mngInitWork
                0x060136e0                gfs_mngGetNumFile
                0x06013748                GFS_mngAllocGrp
                0x06013790                gfs_mngFreeGrp
                0x0601379c                gfs_mngTermAccess
                0x06013820                gfs_mngSetErrCode
                0x060138a0                gfs_svrSearchHndl
                0x060138e0                gfs_svrAddHndl
                0x0601391c                gfs_svrRemoveHndl
                0x06013978                GFS_OpenSub
                0x060139d0                gfs_loadVol
                0x06013a94                gfs_getRootDir
                0x06013b90                gfs_loadRootDir
                0x06013c18                gfs_flowIn
                0x06013cc0                gfs_transData
                0x06013d64                GFS_GetFad
                0x06013dbc                gfs_SetSct
                0x06013dfc                gfs_GetFinfo
                0x06013e3c                gfs_closeSub
                0x06013e78                gfs_getGmode
                0x06013e84                gfs_isTaskDone
                0x06013ed8                gfs_convFinStat
 *fill*         0x06013f4c        0x4 
 .text          0x06013f50      0x106 ../../Compiler/COMMON/SGL_302j/LIB_ELF/LIBCD.A(GFS_BUF.O)
                0x06013f80                GFBF_GetTranData
                0x06013fa8                GFBF_GetNumData
                0x06013fd8                GFBF_GetSrcPk
                0x06014000                GFBF_GetSctData
                0x06014024                GFBF_RtnPk
                0x0601404c                gfbf_getSctDt
 *fill*         0x06014056        0xa 
 .text          0x06014060      0x600 ../../Compiler/COMMON/SGL_302j/LIB_ELF/LIBCD.A(GFS_CDB.O)
                0x06014060                GFCB_Setup
                0x06014180                GFCB_Close
                0x060141a8                GFCB_GetLenData
                0x06014254                GFCB_GetLenRoom
                0x06014260                GFCB_SetFilt
                0x060142c8                GFCB_DeleteAllData
                0x060142f0                GFCB_Tell
                0x06014300                gfcb_getSctNum
                0x06014350                GFCB_Seek
                0x0601444c                GFCB_GetSrcPack
                0x0601452c                GFCB_GetSctData
                0x06014564                GFCB_GetDstPack
                0x06014570                GFCB_RtnPk
                0x060145b8                GFCB_MovePickup
                0x060145d4                GFCB_SetCon
                0x06014608                GFCB_GetPickup
                0x06014630                GFCB_IsPuOwner
                0x06014648                GFCB_UngetPickup
 .text          0x06014660     0x1a10 ../../Compiler/COMMON/SGL_302j/LIB_ELF/LIBCD.A(GFS_CDC.O)
                0x06014660                GFCD_SetCdbfs
                0x0601468c                GFCD_Init
                0x06014890                GFCD_AllocFilt
                0x060148cc                GFCD_FreeFilt
                0x060148fc                GFCD_AllocBuf
                0x06014930                GFCD_FreeBuf
                0x060149d4                GFCD_GetBaseFad
                0x06014a08                GFCD_GetPickup
                0x06014a3c                GFCD_UngetPickup
                0x06014a68                GFCD_IsPuOwner
                0x06014a8c                GFCD_SetFilt
                0x06014b50                GFCD_GetFilt
                0x06014b98                GFCD_SetCon
                0x06014bf0                GFCD_Play
                0x06014c50                GFCD_GetLenData
                0x06014cb8                GFCD_ReqData
                0x06014d14                GFCD_EndData
                0x06014d5c                GFCD_DelSctData
                0x06014db4                GFCD_CheckDelSctData
                0x06014de4                GFCD_GetStat
                0x06014e98                GFCD_MovePickup
                0x06014ee4                GFCD_MoveSctData
                0x06014f58                GFCD_CheckMove
                0x06014f7c                GFCD_GetSctInfo
                0x06014fc4                GFCD_ChgDir
                0x06015038                GFCD_SetFiltCon
                0x06015120                GFCD_GetFileInfo
                0x060151fc                GFCD_GetBufSiz
                0x06015234                GFCD_ExecServer
                0x06015308                gfcd_isIdleTask
                0x06015394                gfcd_doTask
                0x06015440                GFCD_SetTimer
                0x06015454                GFCD_WaitServer
                0x06015490                gfcd_doSetFiltTsk
                0x06015654                gfcd_doSetConTsk
                0x060156e4                gfcd_doGetLenDataTsk
                0x06015838                gfcd_doReqDataTsk
                0x060158d8                gfcd_doDelSctDataTsk
                0x06015a0c                gfcd_doMoveSctTsk
                0x06015b70                gfcd_doChgDirTsk
                0x06015d6c                gfcd_doSetFiltConTsk
                0x06015eb0                gfcd_checkEflag
                0x06015ed4                gfcd_initCdbMng
                0x06015f54                gfcd_setStat
                0x06015f80                GFCD_SetCsctFunc
                0x06015f9c                GFCD_ChkScdqFlag
                0x06015fc0                GFCD_ClrScdqFlag
                0x06015fdc                GFCD_WaitScdqFlag
                0x06016020                GFCD_WaitPause
 .text          0x06016070      0x8d8 ../../Compiler/COMMON/SGL_302j/LIB_ELF/LIBCD.A(GFS_CDF.O)
                0x06016070                GFCF_Init
                0x06016110                GFCF_Setup
                0x06016258                GFCF_SetSct
                0x0601629c                GFCF_GetFileInfo
                0x06016310                GFCF_FlowInBuf
                0x06016464                GFCF_StopInBuf
                0x06016504                GFCF_Recover
                0x0601654c                GFCF_Tell
                0x06016564                GFCF_Seek
                0x0601657c                GFCF_MovePickup
                0x06016618                GFCF_cnvIntlvOfs
                0x0601666c                GFCF_GetStat
                0x06016704                gfcf_getSctSize
                0x06016740                gfcf_isCdOk
                0x06016800                gfcf_getPlayRange
 *fill*         0x06016948        0x8 
 .text          0x06016950      0x92c ../../Compiler/COMMON/SGL_302j/LIB_ELF/LIBCD.A(GFS_DIR.O)
                0x06016950                GFDR_SetupDirTbl
                0x060169c4                GFDR_NameToId
                0x06016a24                GFDR_GetInfoDirId
                0x06016a38                GFDR_GetInfoDirName
                0x06016a4c                GFDR_GetAtrDirId
                0x06016a64                GFDR_GetAtrDirName
                0x06016a7c                GFDR_ChgRoot
                0x06016a94                GFDR_ChgDir
                0x06016b08                gfdr_setupDirIdTbl
                0x06016b8c                gfdr_setupDirNameTbl
                0x06016c38                gfdr_open
                0x06016c60                gfdr_read
                0x06016d20                gfdr_readByte
                0x06016d4c                gfdr_readWord
                0x06016d78                gfdr_readWordNB
                0x06016dcc                gfdr_readLongNB
                0x06016e18                gfdr_readLongNM
                0x06016e40                gfdr_setNextRec
                0x06016ec4                gfdr_readDirEnt
                0x06017240                gfdr_setDirrecCd
 *fill*         0x0601727c        0x4 
 .text          0x06017280      0x9c6 ../../Compiler/COMMON/SGL_302j/LIB_ELF/LIBCD.A(GFS_TRN.O)
                0x060172b0                GFTR_Setup
                0x060172f4                GFTR_SetMode
                0x06017308                GFTR_SetUnit
                0x06017314                GFTR_SetTransPara
                0x06017348                GFTR_GetTransPara
                0x06017354                GFTR_GetNumTrans
                0x06017360                GFTR_SetTransMax
                0x0601736c                GFTR_Start
                0x06017378                GFTR_Pause
                0x06017384                GFTR_Stop
                0x0601743c                GFTR_Exec
                0x060174c0                GFTR_Idle
                0x06017538                GFTR_ExecSvr
                0x06017640                gftr_getSrcPack
                0x060176c8                gftr_getDstPack
                0x06017724                gftr_reqScu
                0x06017730                gftr_execScu
                0x060177cc                gftr_remScu
                0x06017800                gfdma_canUse
                0x0601780c                gfdma_exec
                0x0601787c                gfdma_getBytecnt
                0x060178b4                gftr_reqDma0
                0x060178cc                gftr_execSdma0
                0x060178f0                gftr_remDma0
                0x06017908                gftr_reqDma1
                0x06017920                gftr_execSdma1
                0x06017944                gftr_remDma1
                0x0601795c                gftr_reqCpu
                0x06017968                gftr_execCpu
                0x060179a8                gftr_remCpu
                0x060179b4                gftr_reqTrn
                0x06017a24                gftr_execTrn
                0x06017afc                gftr_remTrn
                0x06017b70                gftr_copyFrac
                0x06017b98                GFTR_GetLenData
                0x06017ba4                GFTR_GetLenRoom
                0x06017bbc                GFTR_GetDstPack
                0x06017bf0                GFTR_RtnDstPk
                0x06017c0c                GFTR_GetData
                0x06017c20                GFTR_SetData
                0x06017c34                GFTR_SetTransFunc
 *fill*         0x06017c46        0xa 
 .text          0x06017c50      0x130 ../../Compiler/COMMON/SGL_302j/LIB_ELF/LIBCD.A(CDC_DRV.O)
                0x06017c50                CDC_CdPlay
                0x06017d1c                CDC_CdSeek
                0x06017d50                CDC_CdScan
 .text          0x06017d80       0xa8 ../../Compiler/COMMON/SGL_302j/LIB_ELF/LIBCD.A(CDC_DEV.O)
                0x06017d80                CDC_CdSetCon
                0x06017db0                CDC_CdGetCon
                0x06017dec                CDC_CdGetLastBuf
 *fill*         0x06017e28        0x8 
 .text          0x06017e30      0x2b8 ../../Compiler/COMMON/SGL_302j/LIB_ELF/LIBCD.A(CDC_SEL.O)
                0x06017e30                CDC_SetFiltRange
                0x06017e64                CDC_GetFiltRange
                0x06017ebc                CDC_SetFiltSubh
                0x06017f2c                CDC_GetFiltSubh
                0x06017fa8                CDC_SetFiltMode
                0x06017fdc                CDC_GetFiltMode
                0x06018020                CDC_SetFiltCon
                0x06018060                CDC_GetFiltCon
                0x060180b4                CDC_ResetSelector
 *fill*         0x060180e8        0x8 
 .text          0x060180f0      0x270 ../../Compiler/COMMON/SGL_302j/LIB_ELF/LIBCD.A(CDC_BIF.O)
                0x060180f0                CDC_GetBufSiz
                0x0601814c                CDC_GetSctNum
                0x06018190                CDC_CalActSiz
                0x060181cc                CDC_GetActSiz
                0x0601824c                CDC_GetSctInfo
                0x060182cc                CDC_ExeFadSearch
                0x06018304                CDC_GetFadSearch
 .text          0x06018360      0x1e4 ../../Compiler/COMMON/SGL_302j/LIB_ELF/LIBCD.A(CDC_BIO.O)
                0x06018360                CDC_SetSctLen
                0x06018394                CDC_GetSctData
                0x060183d0                CDC_DelSctData
                0x0601840c                CDC_GetdelSctData
                0x06018448                CDC_PutSctData
                0x06018480                CDC_CopySctData
                0x060184c4                CDC_MoveSctData
                0x06018508                CDC_GetCopyErr
 *fill*         0x06018544        0xc 
 .text          0x06018550        0x0 ../../Compiler/COMMON/SGL_302j/LIB_ELF/LIBSGL.A(sglA16.o)
 .text          0x06018550        0x0 ../../Compiler/COMMON/SGL_302j/LIB_ELF/LIBSGL.A(sglA17.o)
 .text          0x06018550        0x0 ../../Compiler/COMMON/SGL_302j/LIB_ELF/LIBSGL.A(sglA18.o)
 .text          0x06018550        0x0 ../../Compiler/COMMON/SGL_302j/LIB_ELF/LIBSGL.A(sglA19.o)
 .text          0x06018550        0x0 ../../Compiler/COMMON/SGL_302j/LIB_ELF/LIBSGL.A(sglA20.o)
 .text          0x06018550        0x0 ../../Compiler/COMMON/SGL_302j/LIB_ELF/LIBSGL.A(sglA21.o)
 .text          0x06018550        0x0 ../../Compiler/COMMON/SGL_302j/LIB_ELF/LIBSGL.A(sglA27.o)
 .text          0x06018550        0x0 ../../Compiler/COMMON/SGL_302j/LIB_ELF/LIBSGL.A(sglB001.o)
 .text          0x06018550        0x0 ../../Compiler/COMMON/SGL_302j/LIB_ELF/LIBSGL.A(sglB011.o)
 .text          0x06018550        0x0 ../../Compiler/COMMON/SGL_302j/LIB_ELF/LIBSGL.A(sglB014.o)
 .text          0x06018550        0x0 ../../Compiler/COMMON/SGL_302j/LIB_ELF/LIBSGL.A(sglB015.o)
 .text          0x06018550        0x0 ../../Compiler/COMMON/SGL_302j/LIB_ELF/LIBSGL.A(sglB016.o)
 .text          0x06018550        0x0 ../../Compiler/COMMON/SGL_302j/LIB_ELF/LIBSGL.A(sglB020.o)
 .text          0x06018550        0x0 ../../Compiler/COMMON/SGL_302j/LIB_ELF/LIBSGL.A(sglB021.o)
 .text          0x06018550        0x0 ../../Compiler/COMMON/SGL_302j/LIB_ELF/LIBSGL.A(sglB023.o)
 .text          0x06018550        0x0 ../../Compiler/COMMON/SGL_302j/LIB_ELF/LIBSGL.A(sglB031.o)
 .text          0x06018550        0x0 ../../Compiler/COMMON/SGL_302j/LIB_ELF/LIBSGL.A(sglB032.o)
 .text          0x06018550        0x0 ../../Compiler/COMMON/SGL_302j/LIB_ELF/LIBSGL.A(sglB033.o)
 .text          0x06018550        0x0 ../../Compiler/COMMON/SGL_302j/LIB_ELF/LIBSGL.A(sglB034.o)
 .text          0x06018550        0x0 ../../Compiler/COMMON/SGL_302j/LIB_ELF/LIBSGL.A(sglB035.o)
 .text          0x06018550        0x0 ../../Compiler/COMMON/SGL_302j/LIB_ELF/LIBSGL.A(sglB036.o)
 .text          0x06018550        0x0 ../../Compiler/COMMON/SGL_302j/LIB_ELF/LIBSGL.A(sglB038.o)
 .text          0x06018550        0x0 ../../Compiler/COMMON/SGL_302j/LIB_ELF/LIBSGL.A(sglB039.o)
 .text          0x06018550        0x0 ../../Compiler/COMMON/SGL_302j/LIB_ELF/LIBSGL.A(sglB040.o)
 .text          0x06018550        0x0 ../../Compiler/COMMON/SGL_302j/LIB_ELF/LIBSGL.A(sglB041.o)
 .text          0x06018550        0x0 ../../Compiler/COMMON/SGL_302j/LIB_ELF/LIBSGL.A(sglB043.o)
 .text          0x06018550        0x0 ../../Compiler/COMMON/SGL_302j/LIB_ELF/LIBSGL.A(sglB047.o)
 .text          0x06018550        0x0 ../../Compiler/COMMON/SGL_302j/LIB_ELF/LIBSGL.A(sglB048.o)
 .text          0x06018550        0x0 ../../Compiler/COMMON/SGL_302j/LIB_ELF/LIBSGL.A(sglB055.o)
 .text          0x06018550        0x0 ../../Compiler/COMMON/SGL_302j/LIB_ELF/LIBSGL.A(sglB056.o)
 .text          0x06018550        0x0 ../../Compiler/COMMON/SGL_302j/LIB_ELF/LIBSGL.A(sglB057.o)
 .text          0x06018550        0x0 ../../Compiler/COMMON/SGL_302j/LIB_ELF/LIBSGL.A(sglB058.o)
 .text          0x06018550        0x0 ../../Compiler/COMMON/SGL_302j/LIB_ELF/LIBSGL.A(sglB059.o)
 .text          0x06018550        0x0 ../../Compiler/COMMON/SGL_302j/LIB_ELF/LIBSGL.A(sglB060.o)
 .text          0x06018550        0x0 ../../Compiler/COMMON/SGL_302j/LIB_ELF/LIBSGL.A(sglB063.o)
 .text          0x06018550        0x0 ../../Compiler/COMMON/SGL_302j/LIB_ELF/LIBSGL.A(sglB087.o)
 .text          0x06018550        0x0 ../../Compiler/COMMON/SGL_302j/LIB_ELF/LIBSGL.A(sglB088.o)
 .text          0x06018550        0x0 ../../Compiler/COMMON/SGL_302j/LIB_ELF/LIBSGL.A(sglB090.o)
 .text          0x06018550        0x0 ../../Compiler/COMMON/SGL_302j/LIB_ELF/LIBSGL.A(sglB200.o)
 .text          0x06018550        0x0 ../../Compiler/COMMON/SGL_302j/LIB_ELF/LIBSGL.A(sglC04.o)
 .text          0x06018550        0x0 ../../Compiler/COMMON/SGL_302j/LIB_ELF/LIBSGL.A(sglC05.o)
 .text          0x06018550        0x0 ../../Compiler/COMMON/SGL_302j/LIB_ELF/LIBSGL.A(sglC06.o)
 .text          0x06018550        0x0 ../../Compiler/COMMON/SGL_302j/LIB_ELF/LIBSGL.A(sglC07.o)
 .text          0x06018550        0x0 ../../Compiler/COMMON/SGL_302j/LIB_ELF/LIBSGL.A(sglC08.o)
 .text          0x06018550        0x0 ../../Compiler/COMMON/SGL_302j/LIB_ELF/LIBSGL.A(sglC17.o)
 .text          0x06018550        0x0 ../../Compiler/COMMON/SGL_302j/LIB_ELF/LIBSGL.A(sglC19.o)
 .text          0x06018550        0x0 ../../Compiler/COMMON/SGL_302j/LIB_ELF/LIBSGL.A(sglC20.o)
 .text          0x06018550        0x0 ../../Compiler/COMMON/SGL_302j/LIB_ELF/LIBSGL.A(sglC21.o)
 .text          0x06018550        0x0 ../../Compiler/COMMON/SGL_302j/LIB_ELF/LIBSGL.A(sglD00.o)
 .text          0x06018550        0x0 ../../Compiler/COMMON/SGL_302j/LIB_ELF/LIBSGL.A(sglD01.o)
 .text          0x06018550        0x0 ../../Compiler/COMMON/SGL_302j/LIB_ELF/LIBSGL.A(sglD03.o)
 .text          0x06018550        0x0 ../../Compiler/COMMON/SGL_302j/LIB_ELF/LIBSGL.A(sglD15.o)
 .text          0x06018550        0x0 ../../Compiler/COMMON/SGL_302j/LIB_ELF/LIBSGL.A(sglD16.o)
 .text          0x06018550        0x0 ../../Compiler/COMMON/SGL_302j/LIB_ELF/LIBSGL.A(sglD17.o)
 .text          0x06018550        0x0 ../../Compiler/COMMON/SGL_302j/LIB_ELF/LIBSGL.A(sglD18.o)
 .text          0x06018550        0x0 ../../Compiler/COMMON/SGL_302j/LIB_ELF/LIBSGL.A(sglF08.o)
 .text          0x06018550        0x0 ../../Compiler/COMMON/SGL_302j/LIB_ELF/LIBSGL.A(sglH00.o)
 .text          0x06018550        0x0 ../../Compiler/COMMON/SGL_302j/LIB_ELF/LIBSGL.A(sglH01.o)
 .text          0x06018550        0x0 ../../Compiler/COMMON/SGL_302j/LIB_ELF/LIBSGL.A(sglH02.o)
 .text          0x06018550        0x0 ../../Compiler/COMMON/SGL_302j/LIB_ELF/LIBSGL.A(sglH04.o)
 .text          0x06018550        0x0 ../../Compiler/COMMON/SGL_302j/LIB_ELF/LIBSGL.A(sglI01.o)
 .text          0x06018550        0x0 ../../Compiler/COMMON/SGL_302j/LIB_ELF/LIBSGL.A(sglI04.o)
 .text          0x06018550      0x128 ../../Compiler/COMMON/SGL_302j/LIB_ELF/LIBSGL.A(sglIc0.o)
                0x06018550                slInitSystem
 *fill*         0x06018678        0x8 
 .text          0x06018680        0x0 ../../Compiler/COMMON/SGL_302j/LIB_ELF/LIBSGL.A(sglJ00.o)
 .text          0x06018680        0x0 ../../Compiler/COMMON/SGL_302j/LIB_ELF/LIBSGL.A(sglJ01.o)
 .text          0x06018680        0x0 ../../Compiler/COMMON/SGL_302j/LIB_ELF/LIBSGL.A(sglJ02.o)
 .text          0x06018680        0x0 ../../Compiler/COMMON/SGL_302j/LIB_ELF/LIBSGL.A(sglJ03.o)
 .text          0x06018680        0x0 ../../Compiler/COMMON/SGL_302j/LIB_ELF/LIBSGL.A(sglJ04.o)
 .text          0x06018680        0x0 ../../Compiler/COMMON/SGL_302j/LIB_ELF/LIBSGL.A(sglJ05.o)
 .text          0x06018680        0x0 ../../Compiler/COMMON/SGL_302j/LIB_ELF/LIBSGL.A(sglK01.o)
 .text          0x06018680        0x0 ../../Compiler/COMMON/SGL_302j/LIB_ELF/LIBSGL.A(sglM01.o)
 .text          0x06018680        0x0 ../../Compiler/COMMON/SGL_302j/LIB_ELF/LIBSGL.A(sglA00.o)
 .text          0x06018680        0x0 ../../Compiler/COMMON/SGL_302j/LIB_ELF/LIBSGL.A(sglA01.o)
 .text          0x06018680        0x0 ../../Compiler/COMMON/SGL_302j/LIB_ELF/LIBSGL.A(sglA10.o)
 .text          0x06018680        0x0 ../../Compiler/COMMON/SGL_302j/LIB_ELF/LIBSGL.A(sglB000.o)
 .text          0x06018680        0x0 ../../Compiler/COMMON/SGL_302j/LIB_ELF/LIBSGL.A(sglC00.o)
 .text          0x06018680        0x0 ../../Compiler/COMMON/SGL_302j/LIB_ELF/LIBSGL.A(sglI00.o)
 .text          0x06018680        0x0 ../../Compiler/COMMON/SGL_302j/LIB_ELF/LIBSGL.A(sglH03.o)
 .text          0x06018680       0x52 d:/onedrive/retrodev/saturn/compiler/windows/bin/../lib/gcc/sh-elf/9.3.0\libgcc.a(_ashiftrt.o)
                0x06018680                __ashiftrt_r4_31
                0x06018680                __ashiftrt_r4_32
                0x06018686                __ashiftrt_r4_30
                0x06018688                __ashiftrt_r4_29
                0x0601868a                __ashiftrt_r4_28
                0x0601868c                __ashiftrt_r4_27
                0x0601868e                __ashiftrt_r4_26
                0x06018690                __ashiftrt_r4_25
                0x06018692                __ashiftrt_r4_24
                0x0601869a                __ashiftrt_r4_23
                0x0601869c                __ashiftrt_r4_22
                0x0601869e                __ashiftrt_r4_21
                0x060186a0                __ashiftrt_r4_20
                0x060186a2                __ashiftrt_r4_19
                0x060186a4                __ashiftrt_r4_18
                0x060186a6                __ashiftrt_r4_17
                0x060186a8                __ashiftrt_r4_16
                0x060186ae                __ashiftrt_r4_15
                0x060186b0                __ashiftrt_r4_14
                0x060186b2                __ashiftrt_r4_13
                0x060186b4                __ashiftrt_r4_12
                0x060186b6                __ashiftrt_r4_11
                0x060186b8                __ashiftrt_r4_10
                0x060186ba                __ashiftrt_r4_9
                0x060186bc                __ashiftrt_r4_8
                0x060186be                __ashiftrt_r4_7
                0x060186c0                __ashiftrt_r4_6
                0x060186c2                __ashiftrt_r4_5
                0x060186c4                __ashiftrt_r4_4
                0x060186c6                __ashiftrt_r4_3
                0x060186c8                __ashiftrt_r4_2
                0x060186ca                __ashiftrt_r4_1
                0x060186ce                __ashiftrt_r4_0
 *fill*         0x060186d2        0x2 
 .text          0x060186d4       0x80 d:/onedrive/retrodev/saturn/compiler/windows/bin/../lib/gcc/sh-elf/9.3.0\libgcc.a(_ashiftrt_n.o)
                0x060186d4                __ashrsi3
 .text          0x06018754       0xbc d:/onedrive/retrodev/saturn/compiler/windows/bin/../lib/gcc/sh-elf/9.3.0\libgcc.a(_ashiftlt.o)
                0x06018754                __ashlsi3
                0x06018758                __ashlsi3_r0
 .text          0x06018810       0xbc d:/onedrive/retrodev/saturn/compiler/windows/bin/../lib/gcc/sh-elf/9.3.0\libgcc.a(_lshiftrt.o)
                0x06018810                __lshrsi3
                0x06018814                __lshrsi3_r0
 .text          0x060188cc       0xa0 d:/onedrive/retrodev/saturn/compiler/windows/bin/../lib/gcc/sh-elf/9.3.0\libgcc.a(_sdivsi3.o)
                0x060188cc                __sdivsi3
 .text          0x0601896c       0x6c d:/onedrive/retrodev/saturn/compiler/windows/bin/../lib/gcc/sh-elf/9.3.0\libgcc.a(_udivsi3.o)
                0x0601898e                __udivsi3
 .text          0x060189d8      0x21c d:/onedrive/retrodev/saturn/compiler/windows/bin/../lib/gcc/sh-elf/9.3.0\libgcc.a(_addsub_sf.o)
                0x06018b58                __addsf3
                0x06018ba4                __subsf3
 .text          0x06018bf4      0x134 d:/onedrive/retrodev/saturn/compiler/windows/bin/../lib/gcc/sh-elf/9.3.0\libgcc.a(_mul_sf.o)
                0x06018bf4                __mulsf3
 .text          0x06018d28       0xdc d:/onedrive/retrodev/saturn/compiler/windows/bin/../lib/gcc/sh-elf/9.3.0\libgcc.a(_div_sf.o)
                0x06018d28                __divsf3
 .text          0x06018e04       0x54 d:/onedrive/retrodev/saturn/compiler/windows/bin/../lib/gcc/sh-elf/9.3.0\libgcc.a(_gt_sf.o)
                0x06018e04                __gtsf2
 .text          0x06018e58       0x54 d:/onedrive/retrodev/saturn/compiler/windows/bin/../lib/gcc/sh-elf/9.3.0\libgcc.a(_ge_sf.o)
                0x06018e58                __gesf2
 .text          0x06018eac       0x54 d:/onedrive/retrodev/saturn/compiler/windows/bin/../lib/gcc/sh-elf/9.3.0\libgcc.a(_lt_sf.o)
                0x06018eac                __ltsf2
 .text          0x06018f00       0x54 d:/onedrive/retrodev/saturn/compiler/windows/bin/../lib/gcc/sh-elf/9.3.0\libgcc.a(_le_sf.o)
                0x06018f00                __lesf2
 .text          0x06018f54       0x84 d:/onedrive/retrodev/saturn/compiler/windows/bin/../lib/gcc/sh-elf/9.3.0\libgcc.a(_si_to_sf.o)
                0x06018f54                __floatsisf
 .text          0x06018fd8       0x70 d:/onedrive/retrodev/saturn/compiler/windows/bin/../lib/gcc/sh-elf/9.3.0\libgcc.a(_sf_to_si.o)
                0x06018fd8                __fixsfsi
 .text          0x06019048       0x3c d:/onedrive/retrodev/saturn/compiler/windows/bin/../lib/gcc/sh-elf/9.3.0\libgcc.a(_sf_to_df.o)
                0x06019048                __extendsfdf2
 .text          0x06019084        0x0 d:/onedrive/retrodev/saturn/compiler/windows/bin/../lib/gcc/sh-elf/9.3.0\libgcc.a(_thenan_sf.o)
 .text          0x06019084       0x94 d:/onedrive/retrodev/saturn/compiler/windows/bin/../lib/gcc/sh-elf/9.3.0\libgcc.a(_usi_to_sf.o)
                0x06019084                __floatunsisf
 .text          0x06019118      0x3e0 d:/onedrive/retrodev/saturn/compiler/windows/bin/../lib/gcc/sh-elf/9.3.0\libgcc.a(_addsub_df.o)
                0x06019454                __adddf3
                0x060194a4                __subdf3
 .text          0x060194f8      0x208 d:/onedrive/retrodev/saturn/compiler/windows/bin/../lib/gcc/sh-elf/9.3.0\libgcc.a(_mul_df.o)
                0x060194f8                __muldf3
 .text          0x06019700       0xa8 d:/onedrive/retrodev/saturn/compiler/windows/bin/../lib/gcc/sh-elf/9.3.0\libgcc.a(_si_to_df.o)
                0x06019700                __floatsidf
 .text          0x060197a8       0xa0 d:/onedrive/retrodev/saturn/compiler/windows/bin/../lib/gcc/sh-elf/9.3.0\libgcc.a(_df_to_si.o)
                0x060197a8                __fixdfsi
 .text          0x06019848       0x28 d:/onedrive/retrodev/saturn/compiler/windows/bin/../lib/gcc/sh-elf/9.3.0\libgcc.a(_make_df.o)
                0x06019848                __make_dp
 .text          0x06019870       0x4c d:/onedrive/retrodev/saturn/compiler/windows/bin/../lib/gcc/sh-elf/9.3.0\libgcc.a(_df_to_sf.o)
                0x06019870                __truncdfsf2
 .text          0x060198bc        0x0 d:/onedrive/retrodev/saturn/compiler/windows/bin/../lib/gcc/sh-elf/9.3.0\libgcc.a(_thenan_df.o)
 .text          0x060198bc       0x54 d:/onedrive/retrodev/saturn/compiler/windows/bin/../lib/gcc/sh-elf/9.3.0\libgcc.a(_clzsi2.o)
                0x060198bc                __clzsi2
 .text          0x06019910      0x11c d:/onedrive/retrodev/saturn/compiler/windows/bin/../lib/gcc/sh-elf/9.3.0\libgcc.a(_pack_sf.o)
                0x06019910                __pack_f
 .text          0x06019a2c       0xa0 d:/onedrive/retrodev/saturn/compiler/windows/bin/../lib/gcc/sh-elf/9.3.0\libgcc.a(_unpack_sf.o)
                0x06019a2c                __unpack_f
 .text          0x06019acc       0xac d:/onedrive/retrodev/saturn/compiler/windows/bin/../lib/gcc/sh-elf/9.3.0\libgcc.a(_fpcmp_parts_sf.o)
                0x06019acc                __fpcmp_parts_f
 .text          0x06019b78       0x20 d:/onedrive/retrodev/saturn/compiler/windows/bin/../lib/gcc/sh-elf/9.3.0\libgcc.a(_make_sf.o)
                0x06019b78                __make_fp
 .text          0x06019b98      0x274 d:/onedrive/retrodev/saturn/compiler/windows/bin/../lib/gcc/sh-elf/9.3.0\libgcc.a(_pack_df.o)
                0x06019b98                __pack_d
 .text          0x06019e0c       0xcc d:/onedrive/retrodev/saturn/compiler/windows/bin/../lib/gcc/sh-elf/9.3.0\libgcc.a(_unpack_df.o)
                0x06019e0c                __unpack_d
 .text          0x06019ed8        0x0 d:/onedrive/retrodev/saturn/compiler/windows/bin/../lib/gcc/sh-elf/9.3.0\libgcc.a(_clz.o)
 .text          0x06019ed8       0x1e d:/onedrive/retrodev/saturn/compiler/windows/bin/../lib/gcc/sh-elf/9.3.0/../../../../sh-elf/lib\libc.a(lib_a-memcmp.o)
                0x06019ed8                memcmp
 *fill*         0x06019ef6        0x2 
 .text          0x06019ef8       0x94 d:/onedrive/retrodev/saturn/compiler/windows/bin/../lib/gcc/sh-elf/9.3.0/../../../../sh-elf/lib\libc.a(lib_a-memcpy.o)
                0x06019ef8                memcpy
 .text          0x06019f8c       0x40 d:/onedrive/retrodev/saturn/compiler/windows/bin/../lib/gcc/sh-elf/9.3.0/../../../../sh-elf/lib\libc.a(lib_a-memset.o)
                0x06019f8c                memset
 .text          0x06019fcc       0x8c d:/onedrive/retrodev/saturn/compiler/windows/bin/../lib/gcc/sh-elf/9.3.0/../../../../sh-elf/lib\libc.a(lib_a-sprintf.o)
                0x06019fcc                _siprintf_r
                0x06019fcc                _sprintf_r
                0x0601a00c                siprintf
                0x0601a00c                sprintf
 .text          0x0601a058       0x2a d:/onedrive/retrodev/saturn/compiler/windows/bin/../lib/gcc/sh-elf/9.3.0/../../../../sh-elf/lib\libc.a(lib_a-strncmp.o)
                0x0601a058                strncmp
 .text          0x0601a082       0x36 d:/onedrive/retrodev/saturn/compiler/windows/bin/../lib/gcc/sh-elf/9.3.0/../../../../sh-elf/lib\libc.a(lib_a-strncpy.o)
                0x0601a082                strncpy
 .text          0x0601a0b8        0x0 d:/onedrive/retrodev/saturn/compiler/windows/bin/../lib/gcc/sh-elf/9.3.0/../../../../sh-elf/lib\libc.a(lib_a-impure.o)
 .text          0x0601a0b8      0x444 d:/onedrive/retrodev/saturn/compiler/windows/bin/../lib/gcc/sh-elf/9.3.0/../../../../sh-elf/lib\libc.a(lib_a-nano-svfprintf.o)
                0x0601a0b8                __ssputs_r
                0x0601a1ac                __ssprint_r
                0x0601a2e0                _svfprintf_r
                0x0601a2e0                _svfiprintf_r
 .text          0x0601a4fc      0x380 d:/onedrive/retrodev/saturn/compiler/windows/bin/../lib/gcc/sh-elf/9.3.0/../../../../sh-elf/lib\libc.a(lib_a-nano-vfprintf_i.o)
                0x0601a4fc                _printf_common
                0x0601a5fc                _printf_i
 .text          0x0601a87c       0x1c d:/onedrive/retrodev/saturn/compiler/windows/bin/../lib/gcc/sh-elf/9.3.0/../../../../sh-elf/lib\libc.a(lib_a-memchr.o)
                0x0601a87c                memchr
 .text          0x0601a898       0x3c d:/onedrive/retrodev/saturn/compiler/windows/bin/../lib/gcc/sh-elf/9.3.0/../../../../sh-elf/lib\libc.a(lib_a-memmove.o)
                0x0601a898                memmove
 .text          0x0601a8d4       0xd0 d:/onedrive/retrodev/saturn/compiler/windows/bin/../lib/gcc/sh-elf/9.3.0/../../../../sh-elf/lib\libc.a(lib_a-nano-freer.o)
                0x0601a8d4                _free_r
 .text          0x0601a9a4       0xf8 d:/onedrive/retrodev/saturn/compiler/windows/bin/../lib/gcc/sh-elf/9.3.0/../../../../sh-elf/lib\libc.a(lib_a-nano-mallocr.o)
                0x0601a9a4                _malloc_r
 .text          0x0601aa9c       0x7c d:/onedrive/retrodev/saturn/compiler/windows/bin/../lib/gcc/sh-elf/9.3.0/../../../../sh-elf/lib\libc.a(lib_a-nano-reallocr.o)
                0x0601aa9c                _realloc_r
 .text          0x0601ab18       0x30 d:/onedrive/retrodev/saturn/compiler/windows/bin/../lib/gcc/sh-elf/9.3.0/../../../../sh-elf/lib\libc.a(lib_a-sbrkr.o)
                0x0601ab18                _sbrk_r
 .text          0x0601ab48      0x25c d:/onedrive/retrodev/saturn/compiler/windows/bin/../lib/gcc/sh-elf/9.3.0/../../../../sh-elf/lib\libc.a(lib_a-syscalls.o)
                0x0601abc0                _read
                0x0601abd0                _lseek
                0x0601abe0                _write
                0x0601abf0                _close
                0x0601ac00                _link
                0x0601ac04                _sbrk
                0x0601ac5c                _fstat
                0x0601ac66                _open
                0x0601ac78                _creat
                0x0601ac88                _unlink
                0x0601ac8c                isatty
                0x0601ac90                _isatty
                0x0601ac94                _exit
                0x0601aca4                _kill
                0x0601acb8                _getpid
                0x0601acbc                _raise
                0x0601acc0                _stat
                0x0601acd0                _chmod
                0x0601ace0                _chown
                0x0601acf0                _utime
                0x0601ad04                _fork
                0x0601ad10                _wait
                0x0601ad20                _execve
                0x0601ad30                _execv
                0x0601ad40                _pipe
                0x0601ad4c                _times
                0x0601ad50                _gettimeofday
                0x0601ad78                __setup_argv_and_call_main
 .text          0x0601ada4       0x14 d:/onedrive/retrodev/saturn/compiler/windows/bin/../lib/gcc/sh-elf/9.3.0/../../../../sh-elf/lib\libc.a(lib_a-trap.o)
                0x0601ada4                __trap34
 .text          0x0601adb8       0x18 d:/onedrive/retrodev/saturn/compiler/windows/bin/../lib/gcc/sh-elf/9.3.0/../../../../sh-elf/lib\libc.a(lib_a-abort.o)
                0x0601adb8                abort
 .text          0x0601add0        0x8 d:/onedrive/retrodev/saturn/compiler/windows/bin/../lib/gcc/sh-elf/9.3.0/../../../../sh-elf/lib\libc.a(lib_a-mlock.o)
                0x0601add0                __malloc_lock
                0x0601add4                __malloc_unlock
 .text          0x0601add8       0x16 d:/onedrive/retrodev/saturn/compiler/windows/bin/../lib/gcc/sh-elf/9.3.0/../../../../sh-elf/lib\libc.a(lib_a-nano-msizer.o)
                0x0601add8                _malloc_usable_size_r
 *fill*         0x0601adee        0x2 
 .text          0x0601adf0      0x1b4 d:/onedrive/retrodev/saturn/compiler/windows/bin/../lib/gcc/sh-elf/9.3.0/../../../../sh-elf/lib\libc.a(lib_a-signal.o)
                0x0601adf0                _init_signal_r
                0x0601ae30                _signal_r
                0x0601ae7c                _raise_r
                0x0601aef4                __sigtramp_r
                0x0601af58                raise
                0x0601af6c                signal
                0x0601af80                _init_signal
                0x0601af90                __sigtramp
 .text          0x0601afa4       0x40 d:/onedrive/retrodev/saturn/compiler/windows/bin/../lib/gcc/sh-elf/9.3.0/../../../../sh-elf/lib\libc.a(lib_a-signalr.o)
                0x0601afa4                _kill_r
                0x0601afd8                _getpid_r
 *(.strings)
 *(SEGA_P)
 *(.eh_frame_hdr)
 *(.eh_frame)
                0x0601afe4                __etext = .

.text.startup   0x0601aff0       0x40
 .text.startup  0x0601aff0       0x40 ../../jo_engine/core.o
                0x0601aff0                main

SLPROG          0x0601b040    0x124e0
                0x0601b040                __slprog_start = .
 *(SLPROG)
 SLPROG         0x0601b040     0x6540 ../../Compiler/COMMON/SGL_302j/LIB_ELF/SGLAREA.O
                0x0601b040                MasterStack
                0x0601b044                SlaveStack
                0x0601b048                MaxVertices
                0x0601b04a                MaxPolygons
                0x0601b04c                SortList
                0x0601b050                SortListSize
                0x0601b054                TransList
                0x0601b058                Zbuffer
                0x0601b05c                SpriteBuf
                0x0601b060                SpriteBufSize
                0x0601b064                Pbuffer
                0x0601b068                CommandBuf
                0x0601b06c                CLOfstBuf
                0x0601b070                PCM_Work
                0x0601b074                PCM_WkSize
                0x0601b078                MaxEvents
                0x0601b07a                EventSize
                0x0601b07c                MaxWorks
                0x0601b07e                WorkSize
                0x0601b080                RemainEvent
                0x0601b180                RemainWork
                0x0601b580                EventBuf
                0x0601d580                WorkBuf
 SLPROG         0x06021580       0xd0 ../../Compiler/COMMON/SGL_302j/LIB_ELF/LIBSGL.A(sglA16.o)
                0x06021580                slLookAt
 SLPROG         0x06021650       0x78 ../../Compiler/COMMON/SGL_302j/LIB_ELF/LIBSGL.A(sglA17.o)
                0x06021650                slRotZ
                0x0602165a                slRotZSC
 *fill*         0x060216c8        0x8 
 SLPROG         0x060216d0       0x78 ../../Compiler/COMMON/SGL_302j/LIB_ELF/LIBSGL.A(sglA18.o)
                0x060216d0                slRotY
                0x060216da                slRotYSC
 *fill*         0x06021748        0x8 
 SLPROG         0x06021750       0x78 ../../Compiler/COMMON/SGL_302j/LIB_ELF/LIBSGL.A(sglA19.o)
                0x06021750                slRotX
                0x0602175a                slRotXSC
 *fill*         0x060217c8        0x8 
 SLPROG         0x060217d0      0x42c ../../Compiler/COMMON/SGL_302j/LIB_ELF/LIBSGL.A(sglA20.o)
                0x060217d0                slInitMatrix
                0x060217da                slPushUnitMatrix
                0x060217ee                slUnitMatrix
 *fill*         0x06021bfc        0x4 
 SLPROG         0x06021c00       0x48 ../../Compiler/COMMON/SGL_302j/LIB_ELF/LIBSGL.A(sglA21.o)
                0x06021c00                slPushMatrix
                0x06021c34                slDecMatrixPtr
                0x06021c34                slPopMatrix
 *fill*         0x06021c48        0x8 
 SLPROG         0x06021c50       0x50 ../../Compiler/COMMON/SGL_302j/LIB_ELF/LIBSGL.A(sglA27.o)
                0x06021c50                slTranslate
 SLPROG         0x06021ca0       0x20 ../../Compiler/COMMON/SGL_302j/LIB_ELF/LIBSGL.A(sglB001.o)
                0x06021ca0                slTVOn
                0x06021caa                slTVOff
 SLPROG         0x06021cc0       0x24 ../../Compiler/COMMON/SGL_302j/LIB_ELF/LIBSGL.A(sglB011.o)
                0x06021cc0                slBitMapNbg1
 *fill*         0x06021ce4        0xc 
 SLPROG         0x06021cf0        0x8 ../../Compiler/COMMON/SGL_302j/LIB_ELF/LIBSGL.A(sglB014.o)
                0x06021cf0                slScrTransparent
 *fill*         0x06021cf8        0x8 
 SLPROG         0x06021d00      0x40c ../../Compiler/COMMON/SGL_302j/LIB_ELF/LIBSGL.A(sglB015.o)
                0x06021d00                slScrAutoDisp
 *fill*         0x0602210c        0x4 
 SLPROG         0x06022110        0xc ../../Compiler/COMMON/SGL_302j/LIB_ELF/LIBSGL.A(sglB016.o)
                0x06022110                slBack1ColSet
 *fill*         0x0602211c        0x4 
 SLPROG         0x06022120       0x10 ../../Compiler/COMMON/SGL_302j/LIB_ELF/LIBSGL.A(sglB020.o)
                0x06022120                slColorCalc
 SLPROG         0x06022130        0xc ../../Compiler/COMMON/SGL_302j/LIB_ELF/LIBSGL.A(sglB021.o)
                0x06022130                slColorCalcOn
 *fill*         0x0602213c        0x4 
 SLPROG         0x06022140        0xc ../../Compiler/COMMON/SGL_302j/LIB_ELF/LIBSGL.A(sglB023.o)
                0x06022140                slColRate
 *fill*         0x0602214c        0x4 
 SLPROG         0x06022150       0xb0 ../../Compiler/COMMON/SGL_302j/LIB_ELF/LIBSGL.A(sglB031.o)
                0x06022150                slMapNbg0
 SLPROG         0x06022200       0xb4 ../../Compiler/COMMON/SGL_302j/LIB_ELF/LIBSGL.A(sglB032.o)
                0x06022200                slMapNbg1
 *fill*         0x060222b4        0xc 
 SLPROG         0x060222c0       0xb0 ../../Compiler/COMMON/SGL_302j/LIB_ELF/LIBSGL.A(sglB033.o)
                0x060222c0                slMapNbg2
 SLPROG         0x06022370       0xb4 ../../Compiler/COMMON/SGL_302j/LIB_ELF/LIBSGL.A(sglB034.o)
                0x06022370                slMapNbg3
 *fill*         0x06022424        0xc 
 SLPROG         0x06022430       0xd4 ../../Compiler/COMMON/SGL_302j/LIB_ELF/LIBSGL.A(sglB035.o)
                0x06022430                sl1MapRA
                0x060224c2                rbank_set
 *fill*         0x06022504        0xc 
 SLPROG         0x06022510       0xa0 ../../Compiler/COMMON/SGL_302j/LIB_ELF/LIBSGL.A(sglB036.o)
                0x06022510                sl1MapRB
 SLPROG         0x060225b0       0x70 ../../Compiler/COMMON/SGL_302j/LIB_ELF/LIBSGL.A(sglB038.o)
                0x060225b0                slRparaInitSet
 SLPROG         0x06022620       0x7e ../../Compiler/COMMON/SGL_302j/LIB_ELF/LIBSGL.A(sglB039.o)
                0x06022620                slMakeKtable
 *fill*         0x0602269e        0x2 
 SLPROG         0x060226a0       0x58 ../../Compiler/COMMON/SGL_302j/LIB_ELF/LIBSGL.A(sglB040.o)
                0x060226a0                slKtableRA
 *fill*         0x060226f8        0x8 
 SLPROG         0x06022700       0x5c ../../Compiler/COMMON/SGL_302j/LIB_ELF/LIBSGL.A(sglB041.o)
                0x06022700                slKtableRB
 *fill*         0x0602275c        0x4 
 SLPROG         0x06022760        0x8 ../../Compiler/COMMON/SGL_302j/LIB_ELF/LIBSGL.A(sglB043.o)
                0x06022760                slRparaMode
 *fill*         0x06022768        0x8 
 SLPROG         0x06022770        0xc ../../Compiler/COMMON/SGL_302j/LIB_ELF/LIBSGL.A(sglB047.o)
                0x06022770                slOverRA
 *fill*         0x0602277c        0x4 
 SLPROG         0x06022780       0x10 ../../Compiler/COMMON/SGL_302j/LIB_ELF/LIBSGL.A(sglB048.o)
                0x06022780                slOverRB
 SLPROG         0x06022790        0xc ../../Compiler/COMMON/SGL_302j/LIB_ELF/LIBSGL.A(sglB055.o)
                0x06022790                slPlaneNbg0
 *fill*         0x0602279c        0x4 
 SLPROG         0x060227a0        0xc ../../Compiler/COMMON/SGL_302j/LIB_ELF/LIBSGL.A(sglB056.o)
                0x060227a0                slPlaneNbg1
 *fill*         0x060227ac        0x4 
 SLPROG         0x060227b0       0x10 ../../Compiler/COMMON/SGL_302j/LIB_ELF/LIBSGL.A(sglB057.o)
                0x060227b0                slPlaneNbg2
 SLPROG         0x060227c0       0x10 ../../Compiler/COMMON/SGL_302j/LIB_ELF/LIBSGL.A(sglB058.o)
                0x060227c0                slPlaneNbg3
 SLPROG         0x060227d0        0xc ../../Compiler/COMMON/SGL_302j/LIB_ELF/LIBSGL.A(sglB059.o)
                0x060227d0                slPlaneRA
 *fill*         0x060227dc        0x4 
 SLPROG         0x060227e0       0x10 ../../Compiler/COMMON/SGL_302j/LIB_ELF/LIBSGL.A(sglB060.o)
                0x060227e0                slPlaneRB
 SLPROG         0x060227f0        0xc ../../Compiler/COMMON/SGL_302j/LIB_ELF/LIBSGL.A(sglB063.o)
                0x060227f0                slPriority
 *fill*         0x060227fc        0x4 
 SLPROG         0x06022800       0x18 ../../Compiler/COMMON/SGL_302j/LIB_ELF/LIBSGL.A(sglB087.o)
                0x06022800                slLineScrollTable0
 *fill*         0x06022818        0x8 
 SLPROG         0x06022820        0x8 ../../Compiler/COMMON/SGL_302j/LIB_ELF/LIBSGL.A(sglB088.o)
                0x06022820                slLineScrollTable1
 *fill*         0x06022828        0x8 
 SLPROG         0x06022830        0xc ../../Compiler/COMMON/SGL_302j/LIB_ELF/LIBSGL.A(sglB090.o)
                0x06022830                slLineScrollMode
 *fill*         0x0602283c        0x4 
 SLPROG         0x06022840      0x114 ../../Compiler/COMMON/SGL_302j/LIB_ELF/LIBSGL.A(sglB200.o)
                0x06022840                slCharRbg0
                0x0602284c                slCharNbg0
                0x06022858                slCharNbg1
                0x06022864                slCharNbg2
                0x0602287a                slCharNbg3
                0x06022892                slPageRbg0
                0x060228a8                slPageNbg1
                0x060228b0                slPageNbg2
                0x060228b8                slPageNbg3
                0x060228c4                slPageNbg0
 *fill*         0x06022954        0xc 
 SLPROG         0x06022960       0x2c ../../Compiler/COMMON/SGL_302j/LIB_ELF/LIBSGL.A(sglC04.o)
                0x06022960                slZdspLevel
 *fill*         0x0602298c        0x4 
 SLPROG         0x06022990       0x78 ../../Compiler/COMMON/SGL_302j/LIB_ELF/LIBSGL.A(sglC05.o)
                0x06022990                slSetSprite
 *fill*         0x06022a08        0x8 
 SLPROG         0x06022a10       0xfa ../../Compiler/COMMON/SGL_302j/LIB_ELF/LIBSGL.A(sglC06.o)
                0x06022a10                slDispSprite
 *fill*         0x06022b0a        0x6 
 SLPROG         0x06022b10      0x162 ../../Compiler/COMMON/SGL_302j/LIB_ELF/LIBSGL.A(sglC07.o)
                0x06022b16                slPutSprite
 *fill*         0x06022c72        0xe 
 SLPROG         0x06022c80     0x1218 ../../Compiler/COMMON/SGL_302j/LIB_ELF/LIBSGL.A(sglC08.o)
                0x06022c80                slPutPolygon
                0x060238fc                MsCalcDepthFlat
 *fill*         0x06023e98        0x8 
 SLPROG         0x06023ea0       0x4c ../../Compiler/COMMON/SGL_302j/LIB_ELF/LIBSGL.A(sglC17.o)
                0x06023ea0                slDispSpriteHV
 *fill*         0x06023eec        0x4 
 SLPROG         0x06023ef0       0xd4 ../../Compiler/COMMON/SGL_302j/LIB_ELF/LIBSGL.A(sglC19.o)
                0x06023ef0                slDispSprite4P
 *fill*         0x06023fc4        0xc 
 SLPROG         0x06023fd0       0x40 ../../Compiler/COMMON/SGL_302j/LIB_ELF/LIBSGL.A(sglC20.o)
                0x06023fd0                SpriteEntry
 SLPROG         0x06024010      0x4ae ../../Compiler/COMMON/SGL_302j/LIB_ELF/LIBSGL.A(sglC21.o)
                0x06024098                RotSprite
                0x06024126                SetSprPosition
 *fill*         0x060244be        0x2 
 SLPROG         0x060244c0       0x84 ../../Compiler/COMMON/SGL_302j/LIB_ELF/LIBSGL.A(sglD00.o)
                0x060244c0                slCpuDMACopy
                0x060244c0                slDMACopy
                0x0602451a                CSH_AllClr
                0x0602451a                slCashPurge
 *fill*         0x06024544        0xc 
 SLPROG         0x06024550       0xa0 ../../Compiler/COMMON/SGL_302j/LIB_ELF/LIBSGL.A(sglD01.o)
                0x06024550                slDMAXCopy
 SLPROG         0x060245f0        0xc ../../Compiler/COMMON/SGL_302j/LIB_ELF/LIBSGL.A(sglD03.o)
                0x060245f0                slDMAStatus
 *fill*         0x060245fc        0x4 
 SLPROG         0x06024600       0x20 ../../Compiler/COMMON/SGL_302j/LIB_ELF/LIBSGL.A(sglD15.o)
                0x06024600                CSH_Purge
 SLPROG         0x06024620       0x84 ../../Compiler/COMMON/SGL_302j/LIB_ELF/LIBSGL.A(sglD16.o)
                0x06024620                DMA_ScuSetPrm
                0x06024668                DMA_SCU_PRM0
 *fill*         0x060246a4        0xc 
 SLPROG         0x060246b0       0x88 ../../Compiler/COMMON/SGL_302j/LIB_ELF/LIBSGL.A(sglD17.o)
                0x060246b0                DMA_ScuStart
 *fill*         0x06024738        0x8 
 SLPROG         0x06024740       0x34 ../../Compiler/COMMON/SGL_302j/LIB_ELF/LIBSGL.A(sglD18.o)
                0x06024740                DMA_ScuGetStatus
 *fill*         0x06024774        0xc 
 SLPROG         0x06024780       0x34 ../../Compiler/COMMON/SGL_302j/LIB_ELF/LIBSGL.A(sglF08.o)
                0x06024780                slDec2Hex
 *fill*         0x060247b4        0xc 
 SLPROG         0x060247c0      0xfc8 ../../Compiler/COMMON/SGL_302j/LIB_ELF/LIBSGL.A(sglH00.o)
                0x060247d8                slGetPortDir1
                0x060247e0                slGetPortDir2
                0x060247e8                slSetPortDir1
                0x06024812                slSetPortDir2
                0x0602484c                slGetPortData1
                0x06024854                slGetPortData2
                0x0602485c                slSetPortData1
                0x06024866                slSetPortData2
                0x06024878                slGetPortSelect1
                0x06024882                slGetPortSelect2
                0x0602488c                slSetPortSelect1
                0x060248c0                slSetPortSelect2
                0x060248fc                slGetPortExt1
                0x06024906                slGetPortExt2
                0x06024910                slSetPortExt1
                0x06024940                slSetPortExt2
                0x06024ab4                slSmpcDirectAccess
                0x06024b34                slInitPeripheral
                0x06024bc6                slSetResultBuffer
                0x06024c52                slCheckIntBackSet
                0x06024c5e                slIntBackCancel
                0x06024c88                slCheckReset
                0x06024c92                slClearReset
                0x06024e58                slSmpcCashSend
                0x06024f14                slSmpcCashBlow
                0x06024ff0                slGetOptimize
                0x06024ffa                slSetOptimize
                0x06025020                slGetPortMode1
                0x0602502c                slGetPortMode2
                0x0602503a                slSetPortMode1
                0x06025078                slSetPortMode2
                0x06025204                slRequestCommand
                0x06025274                Smpc_Status
                0x06025278                Smpc_Result
                0x0602527c                Smpc_Peripheral
                0x06025282                Per_Connect1
                0x06025283                Per_Connect2
                0x060252a4                SmpcStatusBuf
 *fill*         0x06025788        0x8 
 SLPROG         0x06025790       0xa8 ../../Compiler/COMMON/SGL_302j/LIB_ELF/LIBSGL.A(sglH01.o)
                0x06025790                slGetLanguage
                0x0602579a                slSetLanguage
                0x060257bc                slGetSoundEffect
                0x060257c8                slSetSoundEffect
                0x060257e4                slGetSoundOutput
                0x060257f0                slSetSoundOutput
                0x0602580c                slGetHelpWindow
                0x06025818                slSetHelpWindow
 *fill*         0x06025838        0x8 
 SLPROG         0x06025840      0x470 ../../Compiler/COMMON/SGL_302j/LIB_ELF/LIBSGL.A(sglH02.o)
                0x06025c30                smpc_pfr_tbl
                0x06025c70                smpc_ptf_tbl
 SLPROG         0x06025cb0       0x60 ../../Compiler/COMMON/SGL_302j/LIB_ELF/LIBSGL.A(sglH04.o)
                0x06025cb0                slComPrmIntBack
                0x06025cc4                slComPrmSetMemory
                0x06025cda                slComPrmSetTime
 SLPROG         0x06025d10      0x3a4 ../../Compiler/COMMON/SGL_302j/LIB_ELF/LIBSGL.A(sglI01.o)
                0x06025d10                slInitSynch
                0x06025d2a                slSynch
                0x06025e20                slRandom
                0x06025e3e                PCM_EndCheck
                0x06025efa                RetPCMBuf
                0x06025f94                PCM_Buf
                0x06026034                Sound_Buf
 *fill*         0x060260b4        0xc 
 SLPROG         0x060260c0       0x10 ../../Compiler/COMMON/SGL_302j/LIB_ELF/LIBSGL.A(sglI04.o)
                0x060260c0                slIntFunction
 SLPROG         0x060260d0       0x74 ../../Compiler/COMMON/SGL_302j/LIB_ELF/LIBSGL.A(sglJ00.o)
                0x060260d0                InitSlaveSH
                0x06026138                SlaveCommand
 *fill*         0x06026144        0xc 
 SLPROG         0x06026150      0x3d0 ../../Compiler/COMMON/SGL_302j/LIB_ELF/LIBSGL.A(sglJ01.o)
                0x06026150                SlaveControl
                0x0602650c                ErasePolygonData
 SLPROG         0x06026520     0x12b8 ../../Compiler/COMMON/SGL_302j/LIB_ELF/LIBSGL.A(sglJ02.o)
                0x06026520                sbMakePolygon
                0x06026708                sbCalcPolygon
                0x06027440                SetTexture
                0x0602744c                SetPolygon
                0x06027454                SetPosition
                0x0602748c                stvtc_4
                0x06027544                stvtc_3
                0x06027754                stvtc_1
                0x06027768                stvtc_2
                0x0602777c                stvtc_0
 *fill*         0x060277d8        0x8 
 SLPROG         0x060277e0      0x140 ../../Compiler/COMMON/SGL_302j/LIB_ELF/LIBSGL.A(sglJ03.o)
                0x060277e0                sbMakeDMATable
 SLPROG         0x06027920      0x470 ../../Compiler/COMMON/SGL_302j/LIB_ELF/LIBSGL.A(sglJ04.o)
                0x0602797e                sbMakeSprite
                0x060279e4                sbMakeRotSprite
 SLPROG         0x06027d90       0x3c ../../Compiler/COMMON/SGL_302j/LIB_ELF/LIBSGL.A(sglJ05.o)
                0x06027d90                sbSortEntry
 *fill*         0x06027dcc        0x4 
 SLPROG         0x06027dd0       0x6a ../../Compiler/COMMON/SGL_302j/LIB_ELF/LIBSGL.A(sglM01.o)
                0x06027dd0                slSetDepthLimit
                0x06027dfc                slSetDepthTbl
                0x06027e2c                DepthWorkArea
 *fill*         0x06027e3a        0x6 
 SLPROG         0x06027e40       0x20 ../../Compiler/COMMON/SGL_302j/LIB_ELF/LIBSGL.A(sglA00.o)
                0x06027e40                set_imask
                0x06027e40                _builtin_set_imask
                0x06027e54                _builtin_get_imask
                0x06027e54                get_imask
 SLPROG         0x06027e60     0x411e ../../Compiler/COMMON/SGL_302j/LIB_ELF/LIBSGL.A(sglA01.o)
                0x06027e60                slSin
                0x06027e84                slCos
                0x06027ea8                GetSinCos
                0x06027f3c                sin_cos_index_tbl
                0x06027f7c                sin_tbl
 *fill*         0x0602bf7e        0x2 
 SLPROG         0x0602bf80       0x34 ../../Compiler/COMMON/SGL_302j/LIB_ELF/LIBSGL.A(sglA10.o)
                0x0602bf80                slSquartDbl
 *fill*         0x0602bfb4        0xc 
 SLPROG         0x0602bfc0      0xbd0 ../../Compiler/COMMON/SGL_302j/LIB_ELF/LIBSGL.A(sglB000.o)
                0x0602bfc0                slInitScroll
                0x0602c0e0                setASC_1to8
                0x0602c110                setASC_4to8
                0x0602c220                TVSizeTbl
                0x0602c2a0                TVModeTbl
                0x0602c478                SGL_ASCII_CG
 SLPROG         0x0602cb90      0x134 ../../Compiler/COMMON/SGL_302j/LIB_ELF/LIBSGL.A(sglC00.o)
                0x0602cb90                slInitSprite
 *fill*         0x0602ccc4        0xc 
 SLPROG         0x0602ccd0      0x75c ../../Compiler/COMMON/SGL_302j/LIB_ELF/LIBSGL.A(sglI00.o)
                0x0602cfc0                slInitInterrupt
 *fill*         0x0602d42c        0x4 
 SLPROG         0x0602d430       0xf0 ../../Compiler/COMMON/SGL_302j/LIB_ELF/LIBSGL.A(sglH03.o)
                0x0602d494                slSmpcIntBack
                0x0602d520                __slprog_end = .

.tors           0x0602d520        0x0
                0x0602d520                ___ctors = .
 *(.ctors)
                0x0602d520                ___ctors_end = .
                0x0602d520                ___dtors = .
 *(.dtors)
                0x0602d520                ___dtors_end = .

.data           0x0602d520    0x12960
 *(.data)
 .data          0x0602d520        0x0 ../../Compiler/COMMON/SGL_302j/LIB_ELF/SGLAREA.O
 .data          0x0602d520        0x0 main.o
 .data          0x0602d520       0x29 vars.o
                0x0602d520                level1
                0x0602d540                gravity
                0x0602d548                printDebug
 *fill*         0x0602d549        0x3 
 .data          0x0602d54c     0xc090 display.o
 .data          0x060395dc        0x0 input.o
 .data          0x060395dc        0x8 hero.o
                0x060395dc                heroWalkSpeed
                0x060395e0                jumpHeight
 .data          0x060395e4        0x0 collision.o
 .data          0x060395e4        0x0 levels.o
 .data          0x060395e4     0x6384 enemy_zombie.o
                0x060395e4                mesh_R_UAR
                0x06039818                mesh_R_THI
                0x06039a4c                mesh_R_LEG
                0x06039c80                mesh_R_HAN
                0x0603a404                mesh_R_FOO
                0x0603ad20                mesh_R_ARM
                0x0603af54                mesh_L_UAR
                0x0603b188                mesh_L_THI
                0x0603b3bc                mesh_L_LEG
                0x0603b5f0                mesh_L_HAN
                0x0603bd74                mesh_L_FOO
                0x0603c690                mesh_HEADD
                0x0603eb58                mesh_BELLY
                0x0603f734                mesh_ARM
 .data          0x0603f968        0x0 ../../jo_engine/tga.o
 .data          0x0603f968       0x28 ../../jo_engine/3d.o
 .data          0x0603f990        0x4 ../../jo_engine/fs.o
 .data          0x0603f994        0x0 ../../jo_engine/font.o
 .data          0x0603f994        0x0 ../../jo_engine/input.o
 .data          0x0603f994        0x0 ../../jo_engine/physics.o
 .data          0x0603f994        0x0 ../../jo_engine/core.o
 .data          0x0603f994        0x4 ../../jo_engine/math.o
                0x0603f994                jo_random_seed
 .data          0x0603f998        0x0 ../../jo_engine/malloc.o
 .data          0x0603f998        0x0 ../../jo_engine/tools.o
 .data          0x0603f998        0x0 ../../jo_engine/palette.o
 .data          0x0603f998       0x2c ../../jo_engine/sprites.o
                0x0603f99c                __jo_gouraud_shading_runtime_index
                0x0603f9a0                __jo_sprite_pos
                0x0603f9ac                __jo_sprite_attributes
 .data          0x0603f9c4        0x0 ../../jo_engine/map.o
 .data          0x0603f9c4        0x0 ../../jo_engine/list.o
 .data          0x0603f9c4        0x4 ../../jo_engine/sprite_animator.o
 .data          0x0603f9c8        0x0 ../../jo_engine/image.o
 .data          0x0603f9c8        0x0 ../../jo_engine/vdp2.o
 .data          0x0603f9c8        0x0 ../../jo_engine/time.o
 .data          0x0603f9c8        0x0 ../../jo_engine/vdp1_command_pipeline.o
 .data          0x0603f9c8       0x10 ../../jo_engine/vdp2_malloc.o
 *fill*         0x0603f9d8        0x8 
 .data          0x0603f9e0        0x0 ../../Compiler/COMMON/SGL_302j/LIB_ELF/SEGA_SYS.A(sys_exit.o)
 .data          0x0603f9e0        0x0 ../../Compiler/COMMON/SGL_302j/LIB_ELF/SEGA_SYS.A(sys_sub.o)
 .data          0x0603f9e0        0x0 ../../Compiler/COMMON/SGL_302j/LIB_ELF/LIBCD.A(CDC_CMN.O)
 .data          0x0603f9e0        0x0 ../../Compiler/COMMON/SGL_302j/LIB_ELF/LIBCD.A(CDC_CFS.O)
 .data          0x0603f9e0        0x0 ../../Compiler/COMMON/SGL_302j/LIB_ELF/LIBCD.A(CDC_REG.O)
 .data          0x0603f9e0        0x0 ../../Compiler/COMMON/SGL_302j/LIB_ELF/LIBCD.A(CDC_SUB.O)
 .data          0x0603f9e0        0x0 ../../Compiler/COMMON/SGL_302j/LIB_ELF/LIBCD.A(GFS.O)
 .data          0x0603f9e0        0x0 ../../Compiler/COMMON/SGL_302j/LIB_ELF/LIBCD.A(GFS_BUF.O)
 .data          0x0603f9e0        0x0 ../../Compiler/COMMON/SGL_302j/LIB_ELF/LIBCD.A(GFS_CDB.O)
 .data          0x0603f9e0        0x0 ../../Compiler/COMMON/SGL_302j/LIB_ELF/LIBCD.A(GFS_CDC.O)
 .data          0x0603f9e0        0x0 ../../Compiler/COMMON/SGL_302j/LIB_ELF/LIBCD.A(GFS_CDF.O)
 .data          0x0603f9e0        0x0 ../../Compiler/COMMON/SGL_302j/LIB_ELF/LIBCD.A(GFS_DIR.O)
 .data          0x0603f9e0        0x0 ../../Compiler/COMMON/SGL_302j/LIB_ELF/LIBCD.A(GFS_TRN.O)
 .data          0x0603f9e0        0x0 ../../Compiler/COMMON/SGL_302j/LIB_ELF/LIBCD.A(CDC_DRV.O)
 .data          0x0603f9e0        0x0 ../../Compiler/COMMON/SGL_302j/LIB_ELF/LIBCD.A(CDC_DEV.O)
 .data          0x0603f9e0        0x0 ../../Compiler/COMMON/SGL_302j/LIB_ELF/LIBCD.A(CDC_SEL.O)
 .data          0x0603f9e0        0x0 ../../Compiler/COMMON/SGL_302j/LIB_ELF/LIBCD.A(CDC_BIF.O)
 .data          0x0603f9e0        0x0 ../../Compiler/COMMON/SGL_302j/LIB_ELF/LIBCD.A(CDC_BIO.O)
 .data          0x0603f9e0        0x0 ../../Compiler/COMMON/SGL_302j/LIB_ELF/LIBSGL.A(sglA16.o)
 .data          0x0603f9e0        0x0 ../../Compiler/COMMON/SGL_302j/LIB_ELF/LIBSGL.A(sglA17.o)
 .data          0x0603f9e0        0x0 ../../Compiler/COMMON/SGL_302j/LIB_ELF/LIBSGL.A(sglA18.o)
 .data          0x0603f9e0        0x0 ../../Compiler/COMMON/SGL_302j/LIB_ELF/LIBSGL.A(sglA19.o)
 .data          0x0603f9e0        0x0 ../../Compiler/COMMON/SGL_302j/LIB_ELF/LIBSGL.A(sglA20.o)
 .data          0x0603f9e0        0x0 ../../Compiler/COMMON/SGL_302j/LIB_ELF/LIBSGL.A(sglA21.o)
 .data          0x0603f9e0        0x0 ../../Compiler/COMMON/SGL_302j/LIB_ELF/LIBSGL.A(sglA27.o)
 .data          0x0603f9e0        0x0 ../../Compiler/COMMON/SGL_302j/LIB_ELF/LIBSGL.A(sglB001.o)
 .data          0x0603f9e0        0x0 ../../Compiler/COMMON/SGL_302j/LIB_ELF/LIBSGL.A(sglB011.o)
 .data          0x0603f9e0        0x0 ../../Compiler/COMMON/SGL_302j/LIB_ELF/LIBSGL.A(sglB014.o)
 .data          0x0603f9e0        0x0 ../../Compiler/COMMON/SGL_302j/LIB_ELF/LIBSGL.A(sglB015.o)
 .data          0x0603f9e0        0x0 ../../Compiler/COMMON/SGL_302j/LIB_ELF/LIBSGL.A(sglB016.o)
 .data          0x0603f9e0        0x0 ../../Compiler/COMMON/SGL_302j/LIB_ELF/LIBSGL.A(sglB020.o)
 .data          0x0603f9e0        0x0 ../../Compiler/COMMON/SGL_302j/LIB_ELF/LIBSGL.A(sglB021.o)
 .data          0x0603f9e0        0x0 ../../Compiler/COMMON/SGL_302j/LIB_ELF/LIBSGL.A(sglB023.o)
 .data          0x0603f9e0        0x0 ../../Compiler/COMMON/SGL_302j/LIB_ELF/LIBSGL.A(sglB031.o)
 .data          0x0603f9e0        0x0 ../../Compiler/COMMON/SGL_302j/LIB_ELF/LIBSGL.A(sglB032.o)
 .data          0x0603f9e0        0x0 ../../Compiler/COMMON/SGL_302j/LIB_ELF/LIBSGL.A(sglB033.o)
 .data          0x0603f9e0        0x0 ../../Compiler/COMMON/SGL_302j/LIB_ELF/LIBSGL.A(sglB034.o)
 .data          0x0603f9e0        0x0 ../../Compiler/COMMON/SGL_302j/LIB_ELF/LIBSGL.A(sglB035.o)
 .data          0x0603f9e0        0x0 ../../Compiler/COMMON/SGL_302j/LIB_ELF/LIBSGL.A(sglB036.o)
 .data          0x0603f9e0        0x0 ../../Compiler/COMMON/SGL_302j/LIB_ELF/LIBSGL.A(sglB038.o)
 .data          0x0603f9e0        0x0 ../../Compiler/COMMON/SGL_302j/LIB_ELF/LIBSGL.A(sglB039.o)
 .data          0x0603f9e0        0x0 ../../Compiler/COMMON/SGL_302j/LIB_ELF/LIBSGL.A(sglB040.o)
 .data          0x0603f9e0        0x0 ../../Compiler/COMMON/SGL_302j/LIB_ELF/LIBSGL.A(sglB041.o)
 .data          0x0603f9e0        0x0 ../../Compiler/COMMON/SGL_302j/LIB_ELF/LIBSGL.A(sglB043.o)
 .data          0x0603f9e0        0x0 ../../Compiler/COMMON/SGL_302j/LIB_ELF/LIBSGL.A(sglB047.o)
 .data          0x0603f9e0        0x0 ../../Compiler/COMMON/SGL_302j/LIB_ELF/LIBSGL.A(sglB048.o)
 .data          0x0603f9e0        0x0 ../../Compiler/COMMON/SGL_302j/LIB_ELF/LIBSGL.A(sglB055.o)
 .data          0x0603f9e0        0x0 ../../Compiler/COMMON/SGL_302j/LIB_ELF/LIBSGL.A(sglB056.o)
 .data          0x0603f9e0        0x0 ../../Compiler/COMMON/SGL_302j/LIB_ELF/LIBSGL.A(sglB057.o)
 .data          0x0603f9e0        0x0 ../../Compiler/COMMON/SGL_302j/LIB_ELF/LIBSGL.A(sglB058.o)
 .data          0x0603f9e0        0x0 ../../Compiler/COMMON/SGL_302j/LIB_ELF/LIBSGL.A(sglB059.o)
 .data          0x0603f9e0        0x0 ../../Compiler/COMMON/SGL_302j/LIB_ELF/LIBSGL.A(sglB060.o)
 .data          0x0603f9e0        0x0 ../../Compiler/COMMON/SGL_302j/LIB_ELF/LIBSGL.A(sglB063.o)
 .data          0x0603f9e0        0x0 ../../Compiler/COMMON/SGL_302j/LIB_ELF/LIBSGL.A(sglB087.o)
 .data          0x0603f9e0        0x0 ../../Compiler/COMMON/SGL_302j/LIB_ELF/LIBSGL.A(sglB088.o)
 .data          0x0603f9e0        0x0 ../../Compiler/COMMON/SGL_302j/LIB_ELF/LIBSGL.A(sglB090.o)
 .data          0x0603f9e0        0x0 ../../Compiler/COMMON/SGL_302j/LIB_ELF/LIBSGL.A(sglB200.o)
 .data          0x0603f9e0        0x0 ../../Compiler/COMMON/SGL_302j/LIB_ELF/LIBSGL.A(sglC04.o)
 .data          0x0603f9e0        0x0 ../../Compiler/COMMON/SGL_302j/LIB_ELF/LIBSGL.A(sglC05.o)
 .data          0x0603f9e0        0x0 ../../Compiler/COMMON/SGL_302j/LIB_ELF/LIBSGL.A(sglC06.o)
 .data          0x0603f9e0        0x0 ../../Compiler/COMMON/SGL_302j/LIB_ELF/LIBSGL.A(sglC07.o)
 .data          0x0603f9e0        0x0 ../../Compiler/COMMON/SGL_302j/LIB_ELF/LIBSGL.A(sglC08.o)
 .data          0x0603f9e0        0x0 ../../Compiler/COMMON/SGL_302j/LIB_ELF/LIBSGL.A(sglC17.o)
 .data          0x0603f9e0        0x0 ../../Compiler/COMMON/SGL_302j/LIB_ELF/LIBSGL.A(sglC19.o)
 .data          0x0603f9e0        0x0 ../../Compiler/COMMON/SGL_302j/LIB_ELF/LIBSGL.A(sglC20.o)
 .data          0x0603f9e0        0x0 ../../Compiler/COMMON/SGL_302j/LIB_ELF/LIBSGL.A(sglC21.o)
 .data          0x0603f9e0        0x0 ../../Compiler/COMMON/SGL_302j/LIB_ELF/LIBSGL.A(sglD00.o)
 .data          0x0603f9e0        0x0 ../../Compiler/COMMON/SGL_302j/LIB_ELF/LIBSGL.A(sglD01.o)
 .data          0x0603f9e0        0x0 ../../Compiler/COMMON/SGL_302j/LIB_ELF/LIBSGL.A(sglD03.o)
 .data          0x0603f9e0        0x0 ../../Compiler/COMMON/SGL_302j/LIB_ELF/LIBSGL.A(sglD15.o)
 .data          0x0603f9e0        0x0 ../../Compiler/COMMON/SGL_302j/LIB_ELF/LIBSGL.A(sglD16.o)
 .data          0x0603f9e0        0x0 ../../Compiler/COMMON/SGL_302j/LIB_ELF/LIBSGL.A(sglD17.o)
 .data          0x0603f9e0        0x0 ../../Compiler/COMMON/SGL_302j/LIB_ELF/LIBSGL.A(sglD18.o)
 .data          0x0603f9e0        0x0 ../../Compiler/COMMON/SGL_302j/LIB_ELF/LIBSGL.A(sglF08.o)
 .data          0x0603f9e0        0x0 ../../Compiler/COMMON/SGL_302j/LIB_ELF/LIBSGL.A(sglH00.o)
 .data          0x0603f9e0        0x0 ../../Compiler/COMMON/SGL_302j/LIB_ELF/LIBSGL.A(sglH01.o)
 .data          0x0603f9e0        0x0 ../../Compiler/COMMON/SGL_302j/LIB_ELF/LIBSGL.A(sglH02.o)
 .data          0x0603f9e0        0x0 ../../Compiler/COMMON/SGL_302j/LIB_ELF/LIBSGL.A(sglH04.o)
 .data          0x0603f9e0        0x0 ../../Compiler/COMMON/SGL_302j/LIB_ELF/LIBSGL.A(sglI01.o)
 .data          0x0603f9e0        0x0 ../../Compiler/COMMON/SGL_302j/LIB_ELF/LIBSGL.A(sglI04.o)
 .data          0x0603f9e0       0x80 ../../Compiler/COMMON/SGL_302j/LIB_ELF/LIBSGL.A(sglIc0.o)
                0x0603f9e0                IntPrioMask
 .data          0x0603fa60        0x0 ../../Compiler/COMMON/SGL_302j/LIB_ELF/LIBSGL.A(sglJ00.o)
 .data          0x0603fa60        0x0 ../../Compiler/COMMON/SGL_302j/LIB_ELF/LIBSGL.A(sglJ01.o)
 .data          0x0603fa60        0x0 ../../Compiler/COMMON/SGL_302j/LIB_ELF/LIBSGL.A(sglJ02.o)
 .data          0x0603fa60        0x0 ../../Compiler/COMMON/SGL_302j/LIB_ELF/LIBSGL.A(sglJ03.o)
 .data          0x0603fa60        0x0 ../../Compiler/COMMON/SGL_302j/LIB_ELF/LIBSGL.A(sglJ04.o)
 .data          0x0603fa60        0x0 ../../Compiler/COMMON/SGL_302j/LIB_ELF/LIBSGL.A(sglJ05.o)
 .data          0x0603fa60        0x0 ../../Compiler/COMMON/SGL_302j/LIB_ELF/LIBSGL.A(sglK01.o)
 .data          0x0603fa60        0x0 ../../Compiler/COMMON/SGL_302j/LIB_ELF/LIBSGL.A(sglM01.o)
 .data          0x0603fa60        0x0 ../../Compiler/COMMON/SGL_302j/LIB_ELF/LIBSGL.A(sglA00.o)
 .data          0x0603fa60        0x0 ../../Compiler/COMMON/SGL_302j/LIB_ELF/LIBSGL.A(sglA01.o)
 .data          0x0603fa60        0x0 ../../Compiler/COMMON/SGL_302j/LIB_ELF/LIBSGL.A(sglA10.o)
 .data          0x0603fa60        0x0 ../../Compiler/COMMON/SGL_302j/LIB_ELF/LIBSGL.A(sglB000.o)
 .data          0x0603fa60        0x0 ../../Compiler/COMMON/SGL_302j/LIB_ELF/LIBSGL.A(sglC00.o)
 .data          0x0603fa60        0x0 ../../Compiler/COMMON/SGL_302j/LIB_ELF/LIBSGL.A(sglI00.o)
 .data          0x0603fa60        0x0 ../../Compiler/COMMON/SGL_302j/LIB_ELF/LIBSGL.A(sglH03.o)
 .data          0x0603fa60        0x0 d:/onedrive/retrodev/saturn/compiler/windows/bin/../lib/gcc/sh-elf/9.3.0\libgcc.a(_ashiftrt.o)
 .data          0x0603fa60        0x0 d:/onedrive/retrodev/saturn/compiler/windows/bin/../lib/gcc/sh-elf/9.3.0\libgcc.a(_ashiftrt_n.o)
 .data          0x0603fa60        0x0 d:/onedrive/retrodev/saturn/compiler/windows/bin/../lib/gcc/sh-elf/9.3.0\libgcc.a(_ashiftlt.o)
 .data          0x0603fa60        0x0 d:/onedrive/retrodev/saturn/compiler/windows/bin/../lib/gcc/sh-elf/9.3.0\libgcc.a(_lshiftrt.o)
 .data          0x0603fa60        0x0 d:/onedrive/retrodev/saturn/compiler/windows/bin/../lib/gcc/sh-elf/9.3.0\libgcc.a(_sdivsi3.o)
 .data          0x0603fa60        0x0 d:/onedrive/retrodev/saturn/compiler/windows/bin/../lib/gcc/sh-elf/9.3.0\libgcc.a(_udivsi3.o)
 .data          0x0603fa60        0x0 d:/onedrive/retrodev/saturn/compiler/windows/bin/../lib/gcc/sh-elf/9.3.0\libgcc.a(_addsub_sf.o)
 .data          0x0603fa60        0x0 d:/onedrive/retrodev/saturn/compiler/windows/bin/../lib/gcc/sh-elf/9.3.0\libgcc.a(_mul_sf.o)
 .data          0x0603fa60        0x0 d:/onedrive/retrodev/saturn/compiler/windows/bin/../lib/gcc/sh-elf/9.3.0\libgcc.a(_div_sf.o)
 .data          0x0603fa60        0x0 d:/onedrive/retrodev/saturn/compiler/windows/bin/../lib/gcc/sh-elf/9.3.0\libgcc.a(_gt_sf.o)
 .data          0x0603fa60        0x0 d:/onedrive/retrodev/saturn/compiler/windows/bin/../lib/gcc/sh-elf/9.3.0\libgcc.a(_ge_sf.o)
 .data          0x0603fa60        0x0 d:/onedrive/retrodev/saturn/compiler/windows/bin/../lib/gcc/sh-elf/9.3.0\libgcc.a(_lt_sf.o)
 .data          0x0603fa60        0x0 d:/onedrive/retrodev/saturn/compiler/windows/bin/../lib/gcc/sh-elf/9.3.0\libgcc.a(_le_sf.o)
 .data          0x0603fa60        0x0 d:/onedrive/retrodev/saturn/compiler/windows/bin/../lib/gcc/sh-elf/9.3.0\libgcc.a(_si_to_sf.o)
 .data          0x0603fa60        0x0 d:/onedrive/retrodev/saturn/compiler/windows/bin/../lib/gcc/sh-elf/9.3.0\libgcc.a(_sf_to_si.o)
 .data          0x0603fa60        0x0 d:/onedrive/retrodev/saturn/compiler/windows/bin/../lib/gcc/sh-elf/9.3.0\libgcc.a(_sf_to_df.o)
 .data          0x0603fa60        0x0 d:/onedrive/retrodev/saturn/compiler/windows/bin/../lib/gcc/sh-elf/9.3.0\libgcc.a(_thenan_sf.o)
 .data          0x0603fa60        0x0 d:/onedrive/retrodev/saturn/compiler/windows/bin/../lib/gcc/sh-elf/9.3.0\libgcc.a(_usi_to_sf.o)
 .data          0x0603fa60        0x0 d:/onedrive/retrodev/saturn/compiler/windows/bin/../lib/gcc/sh-elf/9.3.0\libgcc.a(_addsub_df.o)
 .data          0x0603fa60        0x0 d:/onedrive/retrodev/saturn/compiler/windows/bin/../lib/gcc/sh-elf/9.3.0\libgcc.a(_mul_df.o)
 .data          0x0603fa60        0x0 d:/onedrive/retrodev/saturn/compiler/windows/bin/../lib/gcc/sh-elf/9.3.0\libgcc.a(_si_to_df.o)
 .data          0x0603fa60        0x0 d:/onedrive/retrodev/saturn/compiler/windows/bin/../lib/gcc/sh-elf/9.3.0\libgcc.a(_df_to_si.o)
 .data          0x0603fa60        0x0 d:/onedrive/retrodev/saturn/compiler/windows/bin/../lib/gcc/sh-elf/9.3.0\libgcc.a(_make_df.o)
 .data          0x0603fa60        0x0 d:/onedrive/retrodev/saturn/compiler/windows/bin/../lib/gcc/sh-elf/9.3.0\libgcc.a(_df_to_sf.o)
 .data          0x0603fa60        0x0 d:/onedrive/retrodev/saturn/compiler/windows/bin/../lib/gcc/sh-elf/9.3.0\libgcc.a(_thenan_df.o)
 .data          0x0603fa60        0x0 d:/onedrive/retrodev/saturn/compiler/windows/bin/../lib/gcc/sh-elf/9.3.0\libgcc.a(_clzsi2.o)
 .data          0x0603fa60        0x0 d:/onedrive/retrodev/saturn/compiler/windows/bin/../lib/gcc/sh-elf/9.3.0\libgcc.a(_pack_sf.o)
 .data          0x0603fa60        0x0 d:/onedrive/retrodev/saturn/compiler/windows/bin/../lib/gcc/sh-elf/9.3.0\libgcc.a(_unpack_sf.o)
 .data          0x0603fa60        0x0 d:/onedrive/retrodev/saturn/compiler/windows/bin/../lib/gcc/sh-elf/9.3.0\libgcc.a(_fpcmp_parts_sf.o)
 .data          0x0603fa60        0x0 d:/onedrive/retrodev/saturn/compiler/windows/bin/../lib/gcc/sh-elf/9.3.0\libgcc.a(_make_sf.o)
 .data          0x0603fa60        0x0 d:/onedrive/retrodev/saturn/compiler/windows/bin/../lib/gcc/sh-elf/9.3.0\libgcc.a(_pack_df.o)
 .data          0x0603fa60        0x0 d:/onedrive/retrodev/saturn/compiler/windows/bin/../lib/gcc/sh-elf/9.3.0\libgcc.a(_unpack_df.o)
 .data          0x0603fa60        0x0 d:/onedrive/retrodev/saturn/compiler/windows/bin/../lib/gcc/sh-elf/9.3.0\libgcc.a(_clz.o)
 .data          0x0603fa60        0x0 d:/onedrive/retrodev/saturn/compiler/windows/bin/../lib/gcc/sh-elf/9.3.0/../../../../sh-elf/lib\libc.a(lib_a-memcmp.o)
 .data          0x0603fa60        0x0 d:/onedrive/retrodev/saturn/compiler/windows/bin/../lib/gcc/sh-elf/9.3.0/../../../../sh-elf/lib\libc.a(lib_a-memcpy.o)
 .data          0x0603fa60        0x0 d:/onedrive/retrodev/saturn/compiler/windows/bin/../lib/gcc/sh-elf/9.3.0/../../../../sh-elf/lib\libc.a(lib_a-memset.o)
 .data          0x0603fa60        0x0 d:/onedrive/retrodev/saturn/compiler/windows/bin/../lib/gcc/sh-elf/9.3.0/../../../../sh-elf/lib\libc.a(lib_a-sprintf.o)
 .data          0x0603fa60        0x0 d:/onedrive/retrodev/saturn/compiler/windows/bin/../lib/gcc/sh-elf/9.3.0/../../../../sh-elf/lib\libc.a(lib_a-strncmp.o)